ARM Linker, 4.1 [Build 481] [Standard]

==============================================================================

Section Cross References

    system_stm32f10x.o(.text) refers to system_stm32f10x.o(.data) for SystemCoreClock
    stm32f10x_gpio.o(.text) refers to stm32f10x_rcc.o(.text) for RCC_APB2PeriphResetCmd
    stm32f10x_rcc.o(.text) refers to stm32f10x_rcc.o(.data) for APBAHBPrescTable
    stm32f10x_usart.o(.text) refers to stm32f10x_rcc.o(.text) for RCC_APB2PeriphResetCmd
    stm32f10x_bkp.o(.text) refers to stm32f10x_rcc.o(.text) for RCC_BackupResetCmd
    stm32f10x_pwr.o(.text) refers to stm32f10x_rcc.o(.text) for RCC_APB1PeriphResetCmd
    stm32f10x_i2c.o(.text) refers to stm32f10x_rcc.o(.text) for RCC_APB1PeriphResetCmd
    startup_stm32f10x_md.o(STACK) refers (Special) to heapauxi.o(.text) for __use_two_region_memory
    startup_stm32f10x_md.o(HEAP) refers (Special) to heapauxi.o(.text) for __use_two_region_memory
    startup_stm32f10x_md.o(RESET) refers (Special) to heapauxi.o(.text) for __use_two_region_memory
    startup_stm32f10x_md.o(RESET) refers to startup_stm32f10x_md.o(STACK) for __initial_sp
    startup_stm32f10x_md.o(RESET) refers to startup_stm32f10x_md.o(.text) for Reset_Handler
    startup_stm32f10x_md.o(RESET) refers to stm32f10x_it.o(.text) for NMI_Handler
    startup_stm32f10x_md.o(RESET) refers to usart.o(.text) for USART1_IRQHandler
    startup_stm32f10x_md.o(.text) refers (Special) to heapauxi.o(.text) for __use_two_region_memory
    startup_stm32f10x_md.o(.text) refers to system_stm32f10x.o(.text) for SystemInit
    startup_stm32f10x_md.o(.text) refers to __main.o(!!!main) for __main
    startup_stm32f10x_md.o(.text) refers to startup_stm32f10x_md.o(HEAP) for Heap_Mem
    startup_stm32f10x_md.o(.text) refers to startup_stm32f10x_md.o(STACK) for Stack_Mem
    main.o(.text) refers to _printf_percent.o(.ARM.Collect$$_printf_percent$$00000000) for _printf_percent
    main.o(.text) refers to _printf_d.o(.ARM.Collect$$_printf_percent$$00000009) for _printf_d
    main.o(.text) refers to _printf_dec.o(.text) for _printf_int_dec
    main.o(.text) refers to _printf_pad.o(.text) for _printf_pre_padding
    main.o(.text) refers to _printf_f.o(.ARM.Collect$$_printf_percent$$00000003) for _printf_f
    main.o(.text) refers to printf1.o(x$fpl$printf1) for _printf_fp_dec
    main.o(.text) refers to rt_memcpy_w.o(.text) for __aeabi_memcpy4
    main.o(.text) refers to sys.o(.text) for RCC_Configuration
    main.o(.text) refers to led.o(.text) for LED_Init
    main.o(.text) refers to usart.o(.text) for USART2_Init
    main.o(.text) refers to stm32f10x_gpio.o(.text) for GPIO_WriteBit
    main.o(.text) refers to delay.o(.text) for delay_ms
    main.o(.text) refers to i2c.o(.text) for I2C_Configuration
    main.o(.text) refers to zmod44xx.o(.text) for zmod44xx_read_sensor_info
    main.o(.text) refers to __2printf.o(.text) for __2printf
    main.o(.text) refers to libr_cda_m3.o(.text.r_cda_tracker) for r_cda_tracker
    main.o(.text) refers to libtvoc_m3.o(.text.calc_tvoc) for calc_tvoc
    main.o(.text) refers to libiaq_m3.o(.text.calc_iaq) for calc_iaq
    main.o(.text) refers to libeco2_m3.o(.text.calc_eco2) for calc_eco2
    main.o(.text) refers to libodor_m3.o(.text.calc_odor) for calc_odor
    main.o(.text) refers to fdiv.o(x$fpl$fdiv) for __aeabi_fdiv
    main.o(.text) refers to f2d.o(x$fpl$f2d) for __aeabi_f2d
    main.o(.text) refers to main.o(.constdata) for .constdata
    main.o(.text) refers to main.o(.bss) for air_data
    sys.o(.text) refers to misc.o(.text) for NVIC_PriorityGroupConfig
    sys.o(.text) refers to stm32f10x_rcc.o(.text) for RCC_DeInit
    sys.o(.text) refers to stm32f10x_flash.o(.text) for FLASH_SetLatency
    flash.o(.text) refers to stm32f10x_flash.o(.text) for FLASH_Unlock
    usart.o(.text) refers (Special) to use_no_semi_2.o(.text) for __use_no_semihosting
    usart.o(.text) refers to _printf_percent.o(.ARM.Collect$$_printf_percent$$00000000) for _printf_percent
    usart.o(.text) refers to _printf_c.o(.ARM.Collect$$_printf_percent$$00000013) for _printf_c
    usart.o(.text) refers to _printf_str.o(.text) for _printf_str
    usart.o(.text) refers to vsnprintf.o(.text) for vsnprintf
    usart.o(.text) refers to stm32f10x_usart.o(.text) for USART_SendData
    usart.o(.text) refers to strlen.o(.text) for strlen
    usart.o(.text) refers to stm32f10x_rcc.o(.text) for RCC_APB2PeriphClockCmd
    usart.o(.text) refers to stm32f10x_gpio.o(.text) for GPIO_Init
    usart.o(.text) refers to misc.o(.text) for NVIC_Init
    usart.o(.text) refers to __2printf.o(.text) for __2printf
    usart.o(.text) refers to usart.o(.data) for USART1_RX_STA
    usart.o(.text) refers to usart.o(.bss) for USART1_RX_BUF
    usart.o(.bss) refers (Special) to use_no_semi_2.o(.text) for __use_no_semihosting
    usart.o(.data) refers (Special) to use_no_semi_2.o(.text) for __use_no_semihosting
[...]
    _printf_n                                0x08000161   Thumb Code     0  _printf_n.o(.ARM.Collect$$_printf_percent$$00000001)
    _printf_percent                          0x08000161   Thumb Code     0  _printf_percent.o(.ARM.Collect$$_printf_percent$$00000000)
    _printf_p                                0x08000167   Thumb Code     0  _printf_p.o(.ARM.Collect$$_printf_percent$$00000002)
    _printf_f                                0x0800016d   Thumb Code     0  _printf_f.o(.ARM.Collect$$_printf_percent$$00000003)
    _printf_e                                0x08000173   Thumb Code     0  _printf_e.o(.ARM.Collect$$_printf_percent$$00000004)
    _printf_g                                0x08000179   Thumb Code     0  _printf_g.o(.ARM.Collect$$_printf_percent$$00000005)
    _printf_a                                0x0800017f   Thumb Code     0  _printf_a.o(.ARM.Collect$$_printf_percent$$00000006)
    _printf_ll                               0x08000185   Thumb Code     0  _printf_ll.o(.ARM.Collect$$_printf_percent$$00000007)
    _printf_i                                0x0800018f   Thumb Code     0  _printf_i.o(.ARM.Collect$$_printf_percent$$00000008)
    _printf_d                                0x08000195   Thumb Code     0  _printf_d.o(.ARM.Collect$$_printf_percent$$00000009)
    _printf_u                                0x0800019b   Thumb Code     0  _printf_u.o(.ARM.Collect$$_printf_percent$$0000000A)
    _printf_o                                0x080001a1   Thumb Code     0  _printf_o.o(.ARM.Collect$$_printf_percent$$0000000B)
    _printf_x                                0x080001a7   Thumb Code     0  _printf_x.o(.ARM.Collect$$_printf_percent$$0000000C)
    _printf_lli                              0x080001ad   Thumb Code     0  _printf_lli.o(.ARM.Collect$$_printf_percent$$0000000D)
    _printf_lld                              0x080001b3   Thumb Code     0  _printf_lld.o(.ARM.Collect$$_printf_percent$$0000000E)
    _printf_llu                              0x080001b9   Thumb Code     0  _printf_llu.o(.ARM.Collect$$_printf_percent$$0000000F)
    _printf_llo                              0x080001bf   Thumb Code     0  _printf_llo.o(.ARM.Collect$$_printf_percent$$00000010)
    _printf_llx                              0x080001c5   Thumb Code     0  _printf_llx.o(.ARM.Collect$$_printf_percent$$00000011)
    _printf_l                                0x080001cb   Thumb Code     0  _printf_l.o(.ARM.Collect$$_printf_percent$$00000012)
    _printf_c                                0x080001d5   Thumb Code     0  _printf_c.o(.ARM.Collect$$_printf_percent$$00000013)
    _printf_s                                0x080001db   Thumb Code     0  _printf_s.o(.ARM.Collect$$_printf_percent$$00000014)
    _printf_lc                               0x080001e1   Thumb Code     0  _printf_lc.o(.ARM.Collect$$_printf_percent$$00000015)
    _printf_ls                               0x080001e7   Thumb Code     0  _printf_ls.o(.ARM.Collect$$_printf_percent$$00000016)
    _printf_percent_end                      0x080001ed   Thumb Code     0  _printf_percent_end.o(.ARM.Collect$$_printf_percent$$00000017)
    __rt_lib_init                            0x080001f1   Thumb Code     0  libinit.o(.ARM.Collect$$libinit$$00000000)
    __rt_lib_init_heap_1                     0x080001f7   Thumb Code     0  libinit2.o(.ARM.Collect$$libinit$$00000006)
    __rt_lib_init_lc_common                  0x080001f7   Thumb Code     0  libinit2.o(.ARM.Collect$$libinit$$0000000B)
    __rt_lib_init_rand_1                     0x080001f7   Thumb Code     0  libinit2.o(.ARM.Collect$$libinit$$0000000A)
    __rt_lib_init_user_alloc_1               0x080001f7   Thumb Code     0  libinit2.o(.ARM.Collect$$libinit$$00000008)
    __rt_lib_init_lc_collate_1               0x080001fd   Thumb Code     0  libinit2.o(.ARM.Collect$$libinit$$0000000D)
    __rt_lib_init_lc_ctype_2                 0x080001fd   Thumb Code     0  libinit2.o(.ARM.Collect$$libinit$$0000000E)
    __rt_lib_init_lc_ctype_1                 0x08000209   Thumb Code     0  libinit2.o(.ARM.Collect$$libinit$$0000000F)
    __rt_lib_init_lc_monetary_1              0x08000209   Thumb Code     0  libinit2.o(.ARM.Collect$$libinit$$00000011)
    __rt_lib_init_lc_numeric_2               0x08000209   Thumb Code     0  libinit2.o(.ARM.Collect$$libinit$$00000012)
    __rt_lib_init_alloca_1                   0x08000213   Thumb Code     0  libinit2.o(.ARM.Collect$$libinit$$0000002A)
    __rt_lib_init_argv_1                     0x08000213   Thumb Code     0  libinit2.o(.ARM.Collect$$libinit$$00000028)
    __rt_lib_init_atexit_1                   0x08000213   Thumb Code     0  libinit2.o(.ARM.Collect$$libinit$$00000017)
    __rt_lib_init_clock_1                    0x08000213   Thumb Code     0  libinit2.o(.ARM.Collect$$libinit$$0000001D)
    __rt_lib_init_cpp_1                      0x08000213   Thumb Code     0  libinit2.o(.ARM.Collect$$libinit$$0000002E)
    __rt_lib_init_exceptions_1               0x08000213   Thumb Code     0  libinit2.o(.ARM.Collect$$libinit$$0000002C)
    __rt_lib_init_fp_trap_1                  0x08000213   Thumb Code     0  libinit2.o(.ARM.Collect$$libinit$$0000001B)
    __rt_lib_init_getenv_1                   0x08000213   Thumb Code     0  libinit2.o(.ARM.Collect$$libinit$$0000001F)
    __rt_lib_init_lc_numeric_1               0x08000213   Thumb Code     0  libinit2.o(.ARM.Collect$$libinit$$00000013)
    __rt_lib_init_lc_time_1                  0x08000213   Thumb Code     0  libinit2.o(.ARM.Collect$$libinit$$00000015)
    __rt_lib_init_return                     0x08000213   Thumb Code     0  libinit2.o(.ARM.Collect$$libinit$$0000002F)
    __rt_lib_init_signal_1                   0x08000213   Thumb Code     0  libinit2.o(.ARM.Collect$$libinit$$00000019)
    __rt_lib_init_stdio_1                    0x08000213   Thumb Code     0  libinit2.o(.ARM.Collect$$libinit$$00000021)
    __rt_lib_shutdown                        0x08000215   Thumb Code     0  libshutdown.o(.ARM.Collect$$libshutdown$$00000000)
    __rt_lib_shutdown_fp_trap_1              0x08000217   Thumb Code     0  libshutdown2.o(.ARM.Collect$$libshutdown$$00000006)
    __rt_lib_shutdown_heap_1                 0x08000217   Thumb Code     0  libshutdown2.o(.ARM.Collect$$libshutdown$$0000000E)
    __rt_lib_shutdown_return                 0x08000217   Thumb Code     0  libshutdown2.o(.ARM.Collect$$libshutdown$$0000000F)
    __rt_lib_shutdown_signal_1               0x08000217   Thumb Code     0  libshutdown2.o(.ARM.Collect$$libshutdown$$00000009)
    __rt_lib_shutdown_stdio_1                0x08000217   Thumb Code     0  libshutdown2.o(.ARM.Collect$$libshutdown$$00000003)
    __rt_lib_shutdown_user_alloc_1           0x08000217   Thumb Code     0  libshutdown2.o(.ARM.Collect$$libshutdown$$0000000B)
    __rt_entry                               0x08000219   Thumb Code     0  rtentry.o(.ARM.Collect$$rtentry$$00000000)
    __rt_entry_presh_1                       0x08000219   Thumb Code     0  rtentry2.o(.ARM.Collect$$rtentry$$00000002)
    __rt_entry_sh                            0x08000219   Thumb Code     0  rtentry4.o(.ARM.Collect$$rtentry$$00000004)
    __rt_entry_li                            0x0800021f   Thumb Code     0  rtentry2.o(.ARM.Collect$$rtentry$$0000000A)
    __rt_entry_postsh_1                      0x0800021f   Thumb Code     0  rtentry2.o(.ARM.Collect$$rtentry$$00000009)
    __rt_entry_main                          0x08000223   Thumb Code     0  rtentry2.o(.ARM.Collect$$rtentry$$0000000D)
    __rt_entry_postli_1                      0x08000223   Thumb Code     0  rtentry2.o(.ARM.Collect$$rtentry$$0000000C)
    __rt_exit                                0x0800022b   Thumb Code     0  rtexit.o(.ARM.Collect$$rtexit$$00000000)
    __rt_exit_ls                             0x0800022d   Thumb Code     0  rtexit2.o(.ARM.Collect$$rtexit$$00000003)
    __rt_exit_prels_1                        0x0800022d   Thumb Code     0  rtexit2.o(.ARM.Collect$$rtexit$$00000002)
    __rt_exit_exit                           0x08000231   Thumb Code     0  rtexit2.o(.ARM.Collect$$rtexit$$00000004)
    SystemInit                               0x08000301   Thumb Code    78  system_stm32f10x.o(.text)
    SystemCoreClockUpdate                    0x0800034f   Thumb Code   142  system_stm32f10x.o(.text)
    NVIC_PriorityGroupConfig                 0x08000401   Thumb Code    10  misc.o(.text)
    NVIC_Init                                0x0800040b   Thumb Code   118  misc.o(.text)
    NVIC_SetVectorTable                      0x08000481   Thumb Code    12  misc.o(.text)
    NVIC_SystemLPConfig                      0x0800048d   Thumb Code    38  misc.o(.text)
    SysTick_CLKSourceConfig                  0x080004b3   Thumb Code    40  misc.o(.text)
    GPIO_DeInit                              0x080004f9   Thumb Code   172  stm32f10x_gpio.o(.text)
    GPIO_AFIODeInit                          0x080005a5   Thumb Code    20  stm32f10x_gpio.o(.text)
    GPIO_Init                                0x080005b9   Thumb Code   274  stm32f10x_gpio.o(.text)
    GPIO_StructInit                          0x080006cb   Thumb Code    16  stm32f10x_gpio.o(.text)
    GPIO_ReadInputDataBit                    0x080006db   Thumb Code    18  stm32f10x_gpio.o(.text)
    GPIO_ReadInputData                       0x080006ed   Thumb Code     8  stm32f10x_gpio.o(.text)
    GPIO_ReadOutputDataBit                   0x080006f5   Thumb Code    18  stm32f10x_gpio.o(.text)
    GPIO_ReadOutputData                      0x08000707   Thumb Code     8  stm32f10x_gpio.o(.text)
    GPIO_SetBits                             0x0800070f   Thumb Code     4  stm32f10x_gpio.o(.text)
    GPIO_ResetBits                           0x08000713   Thumb Code     4  stm32f10x_gpio.o(.text)
    GPIO_WriteBit                            0x08000717   Thumb Code    10  stm32f10x_gpio.o(.text)
    GPIO_Write                               0x08000721   Thumb Code     4  stm32f10x_gpio.o(.text)
    GPIO_PinLockConfig                       0x08000725   Thumb Code    18  stm32f10x_gpio.o(.text)
    GPIO_EventOutputConfig                   0x08000737   Thumb Code    26  stm32f10x_gpio.o(.text)
    GPIO_EventOutputCmd                      0x08000751   Thumb Code     6  stm32f10x_gpio.o(.text)
    GPIO_PinRemapConfig                      0x08000757   Thumb Code   138  stm32f10x_gpio.o(.text)
    GPIO_EXTILineConfig                      0x080007e1   Thumb Code    66  stm32f10x_gpio.o(.text)
    GPIO_ETH_MediaInterfaceConfig            0x08000823   Thumb Code     6  stm32f10x_gpio.o(.text)
    RCC_DeInit                               0x08000851   Thumb Code    64  stm32f10x_rcc.o(.text)
    RCC_HSEConfig                            0x08000891   Thumb Code    70  stm32f10x_rcc.o(.text)
    RCC_GetFlagStatus                        0x080008d7   Thumb Code    56  stm32f10x_rcc.o(.text)
    RCC_WaitForHSEStartUp                    0x0800090f   Thumb Code    48  stm32f10x_rcc.o(.text)
    RCC_AdjustHSICalibrationValue            0x0800093f   Thumb Code    20  stm32f10x_rcc.o(.text)
    RCC_HSICmd                               0x08000953   Thumb Code     6  stm32f10x_rcc.o(.text)
    RCC_PLLConfig                            0x08000959   Thumb Code    24  stm32f10x_rcc.o(.text)
    RCC_PLLCmd                               0x08000971   Thumb Code     6  stm32f10x_rcc.o(.text)
    RCC_SYSCLKConfig                         0x08000977   Thumb Code    18  stm32f10x_rcc.o(.text)
    RCC_GetSYSCLKSource                      0x08000989   Thumb Code    10  stm32f10x_rcc.o(.text)
    RCC_HCLKConfig                           0x08000993   Thumb Code    18  stm32f10x_rcc.o(.text)
    RCC_PCLK1Config                          0x080009a5   Thumb Code    18  stm32f10x_rcc.o(.text)
    RCC_PCLK2Config                          0x080009b7   Thumb Code    20  stm32f10x_rcc.o(.text)
    RCC_ITConfig                             0x080009cb   Thumb Code    30  stm32f10x_rcc.o(.text)
    RCC_USBCLKConfig                         0x080009e9   Thumb Code     6  stm32f10x_rcc.o(.text)
    RCC_ADCCLKConfig                         0x080009ef   Thumb Code    18  stm32f10x_rcc.o(.text)
    RCC_LSEConfig                            0x08000a01   Thumb Code    44  stm32f10x_rcc.o(.text)
    RCC_LSICmd                               0x08000a2d   Thumb Code     6  stm32f10x_rcc.o(.text)
    RCC_RTCCLKConfig                         0x08000a33   Thumb Code    12  stm32f10x_rcc.o(.text)
    RCC_RTCCLKCmd                            0x08000a3f   Thumb Code     6  stm32f10x_rcc.o(.text)
    RCC_GetClocksFreq                        0x08000a45   Thumb Code   192  stm32f10x_rcc.o(.text)
    RCC_AHBPeriphClockCmd                    0x08000b05   Thumb Code    26  stm32f10x_rcc.o(.text)
    RCC_APB2PeriphClockCmd                   0x08000b1f   Thumb Code    26  stm32f10x_rcc.o(.text)
    RCC_APB1PeriphClockCmd                   0x08000b39   Thumb Code    26  stm32f10x_rcc.o(.text)
    RCC_APB2PeriphResetCmd                   0x08000b53   Thumb Code    26  stm32f10x_rcc.o(.text)
    RCC_APB1PeriphResetCmd                   0x08000b6d   Thumb Code    26  stm32f10x_rcc.o(.text)
    RCC_BackupResetCmd                       0x08000b87   Thumb Code     6  stm32f10x_rcc.o(.text)
    RCC_ClockSecuritySystemCmd               0x08000b8d   Thumb Code     6  stm32f10x_rcc.o(.text)
    RCC_MCOConfig                            0x08000b93   Thumb Code     6  stm32f10x_rcc.o(.text)
    RCC_ClearFlag                            0x08000b99   Thumb Code    14  stm32f10x_rcc.o(.text)
    RCC_GetITStatus                          0x08000ba7   Thumb Code    20  stm32f10x_rcc.o(.text)
    RCC_ClearITPendingBit                    0x08000bbb   Thumb Code     6  stm32f10x_rcc.o(.text)
    USART_DeInit                             0x08000bf5   Thumb Code   134  stm32f10x_usart.o(.text)
    USART_Init                               0x08000c7b   Thumb Code   210  stm32f10x_usart.o(.text)
    USART_StructInit                         0x08000d4d   Thumb Code    24  stm32f10x_usart.o(.text)
    USART_ClockInit                          0x08000d65   Thumb Code    34  stm32f10x_usart.o(.text)
    USART_ClockStructInit                    0x08000d87   Thumb Code    12  stm32f10x_usart.o(.text)
    USART_Cmd                                0x08000d93   Thumb Code    24  stm32f10x_usart.o(.text)
    USART_ITConfig                           0x08000dab   Thumb Code    74  stm32f10x_usart.o(.text)
    USART_DMACmd                             0x08000df5   Thumb Code    24  stm32f10x_usart.o(.text)
    USART_SetAddress                         0x08000e0d   Thumb Code    18  stm32f10x_usart.o(.text)
    USART_WakeUpConfig                       0x08000e1f   Thumb Code    18  stm32f10x_usart.o(.text)
    USART_ReceiverWakeUpCmd                  0x08000e31   Thumb Code    24  stm32f10x_usart.o(.text)
    USART_LINBreakDetectLengthConfig         0x08000e49   Thumb Code    18  stm32f10x_usart.o(.text)
    USART_LINCmd                             0x08000e5b   Thumb Code    24  stm32f10x_usart.o(.text)
    USART_SendData                           0x08000e73   Thumb Code     8  stm32f10x_usart.o(.text)
    USART_ReceiveData                        0x08000e7b   Thumb Code    10  stm32f10x_usart.o(.text)
    USART_SendBreak                          0x08000e85   Thumb Code    10  stm32f10x_usart.o(.text)
    USART_SetGuardTime                       0x08000e8f   Thumb Code    16  stm32f10x_usart.o(.text)
    USART_SetPrescaler                       0x08000e9f   Thumb Code    16  stm32f10x_usart.o(.text)
    USART_SmartCardCmd                       0x08000eaf   Thumb Code    24  stm32f10x_usart.o(.text)
    USART_SmartCardNACKCmd                   0x08000ec7   Thumb Code    24  stm32f10x_usart.o(.text)
    USART_HalfDuplexCmd                      0x08000edf   Thumb Code    24  stm32f10x_usart.o(.text)
    USART_OverSampling8Cmd                   0x08000ef7   Thumb Code    22  stm32f10x_usart.o(.text)
    USART_OneBitMethodCmd                    0x08000f0d   Thumb Code    24  stm32f10x_usart.o(.text)
    USART_IrDAConfig                         0x08000f25   Thumb Code    18  stm32f10x_usart.o(.text)
    USART_IrDACmd                            0x08000f37   Thumb Code    24  stm32f10x_usart.o(.text)
    USART_GetFlagStatus                      0x08000f4f   Thumb Code    26  stm32f10x_usart.o(.text)
    USART_ClearFlag                          0x08000f69   Thumb Code    18  stm32f10x_usart.o(.text)
    USART_GetITStatus                        0x08000f7b   Thumb Code    84  stm32f10x_usart.o(.text)
    USART_ClearITPendingBit                  0x08000fcf   Thumb Code    50  stm32f10x_usart.o(.text)
    FLASH_SetLatency                         0x08001001   Thumb Code    18  stm32f10x_flash.o(.text)
    FLASH_HalfCycleAccessCmd                 0x08001013   Thumb Code    22  stm32f10x_flash.o(.text)
    FLASH_PrefetchBufferCmd                  0x08001029   Thumb Code    22  stm32f10x_flash.o(.text)
    FLASH_Unlock                             0x0800103f   Thumb Code    12  stm32f10x_flash.o(.text)
    FLASH_UnlockBank1                        0x0800104b   Thumb Code    12  stm32f10x_flash.o(.text)
    FLASH_Lock                               0x08001057   Thumb Code    14  stm32f10x_flash.o(.text)
    FLASH_LockBank1                          0x08001065   Thumb Code    14  stm32f10x_flash.o(.text)
    FLASH_GetBank1Status                     0x08001073   Thumb Code    50  stm32f10x_flash.o(.text)
    FLASH_WaitForLastOperation               0x080010a5   Thumb Code    38  stm32f10x_flash.o(.text)
    FLASH_ErasePage                          0x080010cb   Thumb Code    72  stm32f10x_flash.o(.text)
    FLASH_EraseAllPages                      0x08001113   Thumb Code    68  stm32f10x_flash.o(.text)
    FLASH_WaitForLastBank1Operation          0x08001157   Thumb Code    38  stm32f10x_flash.o(.text)
    FLASH_EraseAllBank1Pages                 0x0800117d   Thumb Code    68  stm32f10x_flash.o(.text)
    FLASH_GetReadOutProtectionStatus         0x080011c1   Thumb Code    20  stm32f10x_flash.o(.text)
    FLASH_EraseOptionBytes                   0x080011d5   Thumb Code   152  stm32f10x_flash.o(.text)
    FLASH_ProgramWord                        0x0800126d   Thumb Code    96  stm32f10x_flash.o(.text)
    FLASH_ProgramHalfWord                    0x080012cd   Thumb Code    60  stm32f10x_flash.o(.text)
    FLASH_ProgramOptionByteData              0x08001309   Thumb Code    72  stm32f10x_flash.o(.text)
    FLASH_EnableWriteProtection              0x08001351   Thumb Code   208  stm32f10x_flash.o(.text)
    FLASH_ReadOutProtection                  0x08001421   Thumb Code   156  stm32f10x_flash.o(.text)
    FLASH_UserOptionByteConfig               0x080014bd   Thumb Code    88  stm32f10x_flash.o(.text)
    FLASH_GetUserOptionByte                  0x08001515   Thumb Code     8  stm32f10x_flash.o(.text)
    FLASH_GetWriteProtectionOptionByte       0x0800151d   Thumb Code     6  stm32f10x_flash.o(.text)
    FLASH_GetPrefetchBufferStatus            0x08001523   Thumb Code    20  stm32f10x_flash.o(.text)
    FLASH_ITConfig                           0x08001537   Thumb Code    26  stm32f10x_flash.o(.text)
    FLASH_GetFlagStatus                      0x08001551   Thumb Code    42  stm32f10x_flash.o(.text)
    FLASH_ClearFlag                          0x0800157b   Thumb Code     6  stm32f10x_flash.o(.text)
    FLASH_GetStatus                          0x08001581   Thumb Code    50  stm32f10x_flash.o(.text)
    I2C_DeInit                               0x080015c9   Thumb Code    50  stm32f10x_i2c.o(.text)
    I2C_Init                                 0x080015fb   Thumb Code   222  stm32f10x_i2c.o(.text)
    I2C_StructInit                           0x080016d9   Thumb Code    30  stm32f10x_i2c.o(.text)
    I2C_Cmd                                  0x080016f7   Thumb Code    24  stm32f10x_i2c.o(.text)
    I2C_DMACmd                               0x0800170f   Thumb Code    24  stm32f10x_i2c.o(.text)
    I2C_DMALastTransferCmd                   0x08001727   Thumb Code    24  stm32f10x_i2c.o(.text)
    I2C_GenerateSTART                        0x0800173f   Thumb Code    24  stm32f10x_i2c.o(.text)
    I2C_GenerateSTOP                         0x08001757   Thumb Code    24  stm32f10x_i2c.o(.text)
    I2C_AcknowledgeConfig                    0x0800176f   Thumb Code    24  stm32f10x_i2c.o(.text)
    I2C_OwnAddress2Config                    0x08001787   Thumb Code    22  stm32f10x_i2c.o(.text)
    I2C_DualAddressCmd                       0x0800179d   Thumb Code    24  stm32f10x_i2c.o(.text)
    I2C_GeneralCallCmd                       0x080017b5   Thumb Code    24  stm32f10x_i2c.o(.text)
    I2C_ITConfig                             0x080017cd   Thumb Code    24  stm32f10x_i2c.o(.text)
    I2C_SendData                             0x080017e5   Thumb Code     4  stm32f10x_i2c.o(.text)
    I2C_ReceiveData                          0x080017e9   Thumb Code     8  stm32f10x_i2c.o(.text)
    I2C_Send7bitAddress                      0x080017f1   Thumb Code    18  stm32f10x_i2c.o(.text)
    I2C_ReadRegister                         0x08001803   Thumb Code    12  stm32f10x_i2c.o(.text)
    I2C_SoftwareResetCmd                     0x0800180f   Thumb Code    22  stm32f10x_i2c.o(.text)
    I2C_NACKPositionConfig                   0x08001825   Thumb Code    28  stm32f10x_i2c.o(.text)
    I2C_SMBusAlertConfig                     0x08001841   Thumb Code    28  stm32f10x_i2c.o(.text)
    I2C_TransmitPEC                          0x0800185d   Thumb Code    24  stm32f10x_i2c.o(.text)
    I2C_PECPositionConfig                    0x08001875   Thumb Code    28  stm32f10x_i2c.o(.text)
    I2C_CalculatePEC                         0x08001891   Thumb Code    24  stm32f10x_i2c.o(.text)
    I2C_GetPEC                               0x080018a9   Thumb Code     8  stm32f10x_i2c.o(.text)
    I2C_ARPCmd                               0x080018b1   Thumb Code    24  stm32f10x_i2c.o(.text)
    I2C_StretchClockCmd                      0x080018c9   Thumb Code    24  stm32f10x_i2c.o(.text)
    I2C_FastModeDutyCycleConfig              0x080018e1   Thumb Code    28  stm32f10x_i2c.o(.text)
    I2C_CheckEvent                           0x080018fd   Thumb Code    42  stm32f10x_i2c.o(.text)
    I2C_GetLastEvent                         0x08001927   Thumb Code    26  stm32f10x_i2c.o(.text)
    I2C_GetFlagStatus                        0x08001941   Thumb Code    42  stm32f10x_i2c.o(.text)
    I2C_ClearFlag                            0x0800196b   Thumb Code    12  stm32f10x_i2c.o(.text)
    I2C_GetITStatus                          0x08001977   Thumb Code    38  stm32f10x_i2c.o(.text)
    I2C_ClearITPendingBit                    0x0800199d   Thumb Code    12  stm32f10x_i2c.o(.text)
    Reset_Handler                            0x080019b9   Thumb Code     8  startup_stm32f10x_md.o(.text)
    ADC1_2_IRQHandler                        0x080019d3   Thumb Code     0  startup_stm32f10x_md.o(.text)
    CAN1_RX1_IRQHandler                      0x080019d3   Thumb Code     0  startup_stm32f10x_md.o(.text)
    CAN1_SCE_IRQHandler                      0x080019d3   Thumb Code     0  startup_stm32f10x_md.o(.text)
    DMA1_Channel1_IRQHandler                 0x080019d3   Thumb Code     0  startup_stm32f10x_md.o(.text)
    DMA1_Channel2_IRQHandler                 0x080019d3   Thumb Code     0  startup_stm32f10x_md.o(.text)
    DMA1_Channel3_IRQHandler                 0x080019d3   Thumb Code     0  startup_stm32f10x_md.o(.text)
    DMA1_Channel4_IRQHandler                 0x080019d3   Thumb Code     0  startup_stm32f10x_md.o(.text)
    DMA1_Channel5_IRQHandler                 0x080019d3   Thumb Code     0  startup_stm32f10x_md.o(.text)
    DMA1_Channel6_IRQHandler                 0x080019d3   Thumb Code     0  startup_stm32f10x_md.o(.text)
    DMA1_Channel7_IRQHandler                 0x080019d3   Thumb Code     0  startup_stm32f10x_md.o(.text)
    EXTI0_IRQHandler                         0x080019d3   Thumb Code     0  startup_stm32f10x_md.o(.text)
    EXTI15_10_IRQHandler                     0x080019d3   Thumb Code     0  startup_stm32f10x_md.o(.text)
    EXTI1_IRQHandler                         0x080019d3   Thumb Code     0  startup_stm32f10x_md.o(.text)
    EXTI2_IRQHandler                         0x080019d3   Thumb Code     0  startup_stm32f10x_md.o(.text)
    EXTI3_IRQHandler                         0x080019d3   Thumb Code     0  startup_stm32f10x_md.o(.text)
    EXTI4_IRQHandler                         0x080019d3   Thumb Code     0  startup_stm32f10x_md.o(.text)
    EXTI9_5_IRQHandler                       0x080019d3   Thumb Code     0  startup_stm32f10x_md.o(.text)
    FLASH_IRQHandler                         0x080019d3   Thumb Code     0  startup_stm32f10x_md.o(.text)
    I2C1_ER_IRQHandler                       0x080019d3   Thumb Code     0  startup_stm32f10x_md.o(.text)
    I2C1_EV_IRQHandler                       0x080019d3   Thumb Code     0  startup_stm32f10x_md.o(.text)
    I2C2_ER_IRQHandler                       0x080019d3   Thumb Code     0  startup_stm32f10x_md.o(.text)
    I2C2_EV_IRQHandler                       0x080019d3   Thumb Code     0  startup_stm32f10x_md.o(.text)
    PVD_IRQHandler                           0x080019d3   Thumb Code     0  startup_stm32f10x_md.o(.text)
    RCC_IRQHandler                           0x080019d3   Thumb Code     0  startup_stm32f10x_md.o(.text)
    RTCAlarm_IRQHandler                      0x080019d3   Thumb Code     0  startup_stm32f10x_md.o(.text)
    RTC_IRQHandler                           0x080019d3   Thumb Code     0  startup_stm32f10x_md.o(.text)
    SPI1_IRQHandler                          0x080019d3   Thumb Code     0  startup_stm32f10x_md.o(.text)
    SPI2_IRQHandler                          0x080019d3   Thumb Code     0  startup_stm32f10x_md.o(.text)
    TAMPER_IRQHandler                        0x080019d3   Thumb Code     0  startup_stm32f10x_md.o(.text)
    TIM1_BRK_IRQHandler                      0x080019d3   Thumb Code     0  startup_stm32f10x_md.o(.text)
    TIM1_CC_IRQHandler                       0x080019d3   Thumb Code     0  startup_stm32f10x_md.o(.text)
    TIM1_TRG_COM_IRQHandler                  0x080019d3   Thumb Code     0  startup_stm32f10x_md.o(.text)
    TIM1_UP_IRQHandler                       0x080019d3   Thumb Code     0  startup_stm32f10x_md.o(.text)
    TIM2_IRQHandler                          0x080019d3   Thumb Code     0  startup_stm32f10x_md.o(.text)
    TIM3_IRQHandler                          0x080019d3   Thumb Code     0  startup_stm32f10x_md.o(.text)
    TIM4_IRQHandler                          0x080019d3   Thumb Code     0  startup_stm32f10x_md.o(.text)
    USART3_IRQHandler                        0x080019d3   Thumb Code     0  startup_stm32f10x_md.o(.text)
    USBWakeUp_IRQHandler                     0x080019d3   Thumb Code     0  startup_stm32f10x_md.o(.text)
    USB_HP_CAN1_TX_IRQHandler                0x080019d3   Thumb Code     0  startup_stm32f10x_md.o(.text)
    USB_LP_CAN1_RX0_IRQHandler               0x080019d3   Thumb Code     0  startup_stm32f10x_md.o(.text)
    WWDG_IRQHandler                          0x080019d3   Thumb Code     0  startup_stm32f10x_md.o(.text)
    __user_initial_stackheap                 0x080019d5   Thumb Code     0  startup_stm32f10x_md.o(.text)
    main                                     0x080019f9   Thumb Code   526  main.o(.text)
    NMI_Handler                              0x08001c65   Thumb Code     2  stm32f10x_it.o(.text)
    HardFault_Handler                        0x08001c67   Thumb Code     4  stm32f10x_it.o(.text)
    MemManage_Handler                        0x08001c6b   Thumb Code     4  stm32f10x_it.o(.text)
    BusFault_Handler                         0x08001c6f   Thumb Code     4  stm32f10x_it.o(.text)
    UsageFault_Handler                       0x08001c73   Thumb Code     4  stm32f10x_it.o(.text)
    SVC_Handler                              0x08001c77   Thumb Code     2  stm32f10x_it.o(.text)
    DebugMon_Handler                         0x08001c79   Thumb Code     2  stm32f10x_it.o(.text)
    PendSV_Handler                           0x08001c7b   Thumb Code     2  stm32f10x_it.o(.text)
    SysTick_Handler                          0x08001c7d   Thumb Code     2  stm32f10x_it.o(.text)
    delay_us                                 0x08001c7f   Thumb Code    44  delay.o(.text)
    delay_ms                                 0x08001cab   Thumb Code    26  delay.o(.text)
    delay_s                                  0x08001cc5   Thumb Code    26  delay.o(.text)
    NVIC_Configuration                       0x08001cdf   Thumb Code    12  sys.o(.text)
    RCC_Configuration                        0x08001ceb   Thumb Code   110  sys.o(.text)
    _sys_exit                                0x08001d59   Thumb Code     4  usart.o(.text)
    _ttywrch                                 0x08001d5d   Thumb Code     4  usart.o(.text)
    fputc                                    0x08001d61   Thumb Code    20  usart.o(.text)
    USART1_printf                            0x08001d75   Thumb Code    78  usart.o(.text)
    USART1_Init                              0x08001dc3   Thumb Code   152  usart.o(.text)
    USART1_IRQHandler                        0x08001e5b   Thumb Code   130  usart.o(.text)
    USART2_printf                            0x08001edd   Thumb Code    78  usart.o(.text)
    USART2_Init                              0x08001f2b   Thumb Code   162  usart.o(.text)
    USART2_IRQHandler                        0x08001fcd   Thumb Code   130  usart.o(.text)
    I2C_GPIO_Init                            0x08002075   Thumb Code    46  i2c.o(.text)
    I2C_Configuration                        0x080020a3   Thumb Code    62  i2c.o(.text)
    I2C_SAND_BUFFER                          0x080020e1   Thumb Code   134  i2c.o(.text)
    I2C_SAND_BYTE                            0x08002167   Thumb Code   112  i2c.o(.text)
    I2C_READ_BUFFER                          0x080021d7   Thumb Code   220  i2c.o(.text)
    I2C_READ_BYTE                            0x080022b3   Thumb Code   176  i2c.o(.text)
    LED_Init                                 0x08002379   Thumb Code    38  led.o(.text)
    zmod44xx_read_status                     0x080023a5   Thumb Code    28  zmod44xx.o(.text)
    zmod44xx_read_sensor_info                0x080023c1   Thumb Code   176  zmod44xx.o(.text)
    zmod44xx_init_sensor                     0x08002471   Thumb Code   452  zmod44xx.o(.text)
    zmod44xx_init_measurement                0x08002635   Thumb Code   344  zmod44xx.o(.text)
    zmod44xx_start_measurement               0x0800278d   Thumb Code    24  zmod44xx.o(.text)
    zmod44xx_read_rmox                       0x080027a5   Thumb Code   274  zmod44xx.o(.text)
    __use_no_semihosting                     0x080028b7   Thumb Code     2  use_no_semi_2.o(.text)
    vsnprintf                                0x080028b9   Thumb Code    46  vsnprintf.o(.text)
    __2printf                                0x080028ed   Thumb Code    20  __2printf.o(.text)
    _printf_pre_padding                      0x08002905   Thumb Code    44  _printf_pad.o(.text)
    _printf_post_padding                     0x08002931   Thumb Code    36  _printf_pad.o(.text)
    _printf_str                              0x08002955   Thumb Code    82  _printf_str.o(.text)
    _printf_int_dec                          0x080029a9   Thumb Code    98  _printf_dec.o(.text)
    __printf                                 0x08002a1d   Thumb Code   406  __printf_flags_ss_wp.o(.text)
    strlen                                   0x08002bb9   Thumb Code    62  strlen.o(.text)
    __aeabi_memcpy4                          0x08002bf7   Thumb Code     0  rt_memcpy_w.o(.text)
    __aeabi_memcpy8                          0x08002bf7   Thumb Code     0  rt_memcpy_w.o(.text)
    __rt_memcpy_w                            0x08002bf7   Thumb Code   100  rt_memcpy_w.o(.text)
    _memcpy_lastbytes_aligned                0x08002c3f   Thumb Code     0  rt_memcpy_w.o(.text)
    __use_two_region_memory                  0x08002c5b   Thumb Code     2  heapauxi.o(.text)
    __rt_heap_escrow$2region                 0x08002c5d   Thumb Code     2  heapauxi.o(.text)
    __rt_heap_expand$2region                 0x08002c5f   Thumb Code     2  heapauxi.o(.text)
    __I$use$semihosting                      0x08002c61   Thumb Code     0  use_no_semi.o(.text)
    __use_no_semihosting_swi                 0x08002c61   Thumb Code     2  use_no_semi.o(.text)
    __rt_fp_status_addr                      0x08002c65   Thumb Code    12  rt_fp_status_addr_intlibspace.o(.text)
    __read_errno                             0x08002c71   Thumb Code    10  _rserrno.o(.text)
    __set_errno                              0x08002c7b   Thumb Code    12  _rserrno.o(.text)
    _printf_truncate_signed                  0x08002c87   Thumb Code    18  _printf_truncate.o(.text)
    _printf_truncate_unsigned                0x08002c99   Thumb Code    18  _printf_truncate.o(.text)
    _printf_int_common                       0x08002cab   Thumb Code   180  _printf_intcommon.o(.text)
    _printf_charcount                        0x08002d5f   Thumb Code    42  _printf_charcount.o(.text)
    __lib_sel_fp_printf                      0x08002d89   Thumb Code     2  _printf_fp_dec.o(.text)
    _printf_fp_dec_real                      0x08002f2f   Thumb Code   616  _printf_fp_dec.o(.text)
    _printf_char_common                      0x080031a3   Thumb Code    32  _printf_char_common.o(.text)
    _sputc                                   0x080031c9   Thumb Code    10  _sputc.o(.text)
    _snputc                                  0x080031d3   Thumb Code    16  _snputc.o(.text)
    _printf_cs_common                        0x080031e3   Thumb Code    20  _printf_char.o(.text)
    _printf_char                             0x080031f7   Thumb Code    16  _printf_char.o(.text)
    _printf_string                           0x08003207   Thumb Code     8  _printf_char.o(.text)
    _printf_char_file                        0x08003211   Thumb Code    32  _printf_char_file.o(.text)
    _printf_wctomb                           0x08003235   Thumb Code   182  _printf_wctomb.o(.text)
    _printf_longlong_dec                     0x080032f1   Thumb Code   104  _printf_longlong_dec.o(.text)
    _printf_longlong_oct                     0x08003369   Thumb Code    76  _printf_oct_int_ll.o(.text)
    _printf_int_oct                          0x080033b5   Thumb Code    24  _printf_oct_int_ll.o(.text)
    _printf_ll_oct                           0x080033cd   Thumb Code    12  _printf_oct_int_ll.o(.text)
    _printf_longlong_hex                     0x080033e1   Thumb Code    92  _printf_hex_int_ll_ptr.o(.text)
    _printf_int_hex                          0x0800343d   Thumb Code    28  _printf_hex_int_ll_ptr.o(.text)
    _printf_ll_hex                           0x08003459   Thumb Code    12  _printf_hex_int_ll_ptr.o(.text)
    _printf_hex_ptr                          0x08003465   Thumb Code    18  _printf_hex_int_ll_ptr.o(.text)
    __rt_udiv10                              0x0800347d   Thumb Code    16  rtudiv10.o(.text)
    __user_libspace                          0x0800348d   Thumb Code     8  libspace.o(.text)
    __user_perproc_libspace                  0x0800348d   Thumb Code     0  libspace.o(.text)
    __user_perthread_libspace                0x0800348d   Thumb Code     0  libspace.o(.text)
    __rt_locale                              0x08003495   Thumb Code    12  rt_locale_intlibspace.o(.text)
    __aeabi_errno_addr                       0x080034a1   Thumb Code    12  rt_errno_addr_intlibspace.o(.text)
    __errno$intlibspace                      0x080034a1   Thumb Code     0  rt_errno_addr_intlibspace.o(.text)
    __rt_errno_addr$intlibspace              0x080034a1   Thumb Code     0  rt_errno_addr_intlibspace.o(.text)
    _ll_udiv10                               0x080034ad   Thumb Code   138  lludiv10.o(.text)
    _fp_trap                                 0x08003539   Thumb Code    44  _fptrap.o(.text)
    _printf_fp_hex_real                      0x08003569   Thumb Code   748  _printf_fp_hex.o(.text)
    _printf_fp_infnan                        0x0800385d   Thumb Code   108  _printf_fp_infnan.o(.text)
    _printf_lcs_common                       0x080038d9   Thumb Code    20  _printf_wchar.o(.text)
    _printf_wchar                            0x080038ed   Thumb Code    16  _printf_wchar.o(.text)
    _printf_wstring                          0x080038fd   Thumb Code     8  _printf_wchar.o(.text)
    _btod_etento                             0x08003905   Thumb Code   230  bigflt0.o(.text)
    ferror                                   0x080039f1   Thumb Code     8  ferror.o(.text)
    _wcrtomb                                 0x080039f9   Thumb Code    64  _wcrtomb.o(.text)
    __user_setup_stackheap                   0x08003a39   Thumb Code    74  sys_stackheap_outer.o(.text)
    __rt_ctype_table                         0x08003a85   Thumb Code    16  rt_ctype_table.o(.text)
    exit                                     0x08003a95   Thumb Code    12  exit.o(.text)
    __rt_SIGFPE                              0x08003aa1   Thumb Code    14  defsig_fpe_outer.o(.text)
    strcmp                                   0x08003ab1   Thumb Code   128  strcmpv7m.o(.text)
    __sig_exit                               0x08003b31   Thumb Code    10  defsig_exit.o(.text)
    __rt_SIGFPE_inner                        0x08003b3d   Thumb Code    62  defsig_fpe_inner.o(.text)
    __default_signal_display                 0x08003be9   Thumb Code    50  defsig_general.o(.text)
    calc_eco2                                0x08003c1d   Thumb Code   476  libeco2_m3.o(.text.calc_eco2)
    calc_iaq                                 0x08003df9   Thumb Code    96  libiaq_m3.o(.text.calc_iaq)
    calc_odor                                0x08003e59   Thumb Code   208  libodor_m3.o(.text.calc_odor)
    calc_tvoc                                0x08003f29   Thumb Code    78  libtvoc_m3.o(.text.calc_tvoc)
    r_cda_tracker                            0x08003f79   Thumb Code   192  libr_cda_m3.o(.text.r_cda_tracker)
    _btod_d2e                                0x08004039   Thumb Code    62  btod.o(CL$$btod_d2e)
    _d2e_denorm_low                          0x08004077   Thumb Code    70  btod.o(CL$$btod_d2e_denorm_low)
    _d2e_norm_op1                            0x080040bd   Thumb Code    96  btod.o(CL$$btod_d2e_norm_op1)
    __btod_div_common                        0x0800411d   Thumb Code   696  btod.o(CL$$btod_div_common)
    _e2e                                     0x08004455   Thumb Code   198  btod.o(CL$$btod_e2e)
    _btod_ediv                               0x0800451b   Thumb Code    40  btod.o(CL$$btod_ediv)
    _btod_emul                               0x08004543   Thumb Code    40  btod.o(CL$$btod_emul)
    __btod_mult_common                       0x0800456b   Thumb Code   580  btod.o(CL$$btod_mult_common)
    __ARM_fpclassify                         0x080047af   Thumb Code    40  fpclassify.o(i.__ARM_fpclassify)
    __ARM_fpclassifyf                        0x080047d7   Thumb Code    38  fpclassifyf.o(i.__ARM_fpclassifyf)
    __kernel_poly                            0x080047fd   Thumb Code   170  poly.o(i.__kernel_poly)
    __mathlib_dbl_underflow                  0x080048a9   Thumb Code    10  dunder.o(i.__mathlib_dbl_underflow)
    __mathlib_flt_underflow                  0x080048b9   Thumb Code    10  funder.o(i.__mathlib_flt_underflow)
    exp                                      0x080048c5   Thumb Code   566  exp.o(i.exp)
    __mathlib_powf                           0x08004b55   Thumb Code     0  powf.o(i.powf)
    powf                                     0x08004b55   Thumb Code  1516  powf.o(i.powf)
    _get_lc_numeric                          0x08005159   Thumb Code    44  lc_numeric_c.o(locale$$code)
    _get_lc_ctype                            0x08005185   Thumb Code    44  lc_ctype_c.o(locale$$code)
    __aeabi_d2f                              0x080051b1   Thumb Code     0  d2f_clz.o(x$fpl$d2f)
    _d2f                                     0x080051b1   Thumb Code   790  d2f_clz.o(x$fpl$d2f)
    __aeabi_dadd                             0x080054d1   Thumb Code     0  daddsub_clz.o(x$fpl$dadd)
    _dadd                                    0x080054d1   Thumb Code   608  daddsub_clz.o(x$fpl$dadd)
    __fpl_dcheck_NaN1                        0x08005739   Thumb Code    28  dcheck1.o(x$fpl$dcheck1)
    __fpl_dcmp_Inf                           0x08005755   Thumb Code    24  dcmpi.o(x$fpl$dcmpinf)
    __aeabi_ddiv                             0x0800576d   Thumb Code     0  ddiv_clz.o(x$fpl$ddiv)
    _ddiv                                    0x0800576d   Thumb Code   764  ddiv_clz.o(x$fpl$ddiv)
    __aeabi_cdcmpeq                          0x08005af9   Thumb Code     0  deqf.o(x$fpl$deqf)
    _dcmpeq                                  0x08005af9   Thumb Code   116  deqf.o(x$fpl$deqf)
    __aeabi_d2iz                             0x08005b6d   Thumb Code     0  dfix.o(x$fpl$dfix)
    _dfix                                    0x08005b6d   Thumb Code   192  dfix.o(x$fpl$dfix)
    __aeabi_i2d                              0x08005c35   Thumb Code     0  dflt_clz.o(x$fpl$dflt)
    _dflt                                    0x08005c35   Thumb Code    46  dflt_clz.o(x$fpl$dflt)
    __dflt_normalise                         0x08005c63   Thumb Code    26  dflt_clz.o(x$fpl$dfltn)
    __aeabi_ui2d                             0x08005c7d   Thumb Code     0  dflt_clz.o(x$fpl$dfltu)
    _dfltu                                   0x08005c7d   Thumb Code    38  dflt_clz.o(x$fpl$dfltu)
    __aeabi_cdcmpge                          0x08005ca5   Thumb Code     0  dgeqf.o(x$fpl$dgeqf)
    _dcmpge                                  0x08005ca5   Thumb Code   120  dgeqf.o(x$fpl$dgeqf)
    __aeabi_cdcmple                          0x08005d1d   Thumb Code     0  dleqf.o(x$fpl$dleqf)
    _dcmple                                  0x08005d1d   Thumb Code   120  dleqf.o(x$fpl$dleqf)
    __fpl_dcmple_InfNaN                      0x08005d75   Thumb Code     0  dleqf.o(x$fpl$dleqf)
    __aeabi_dmul                             0x08005d95   Thumb Code     0  dmul_clz.o(x$fpl$dmul)
    _dmul                                    0x08005d95   Thumb Code   452  dmul_clz.o(x$fpl$dmul)
    __fpl_dnaninf                            0x08005f61   Thumb Code   258  dnaninf.o(x$fpl$dnaninf)
    __fpl_drenorm2                           0x08006063   Thumb Code   106  drenorm_clz.o(x$fpl$drenorm)
    __fpl_drenorm1                           0x080060cd   Thumb Code     6  drenorm_clz.o(x$fpl$drenorm)
    __fpl_dretinf                            0x080060d3   Thumb Code    12  dretinf.o(x$fpl$dretinf)
    __aeabi_cdrcmple                         0x080060df   Thumb Code     0  drleqf.o(x$fpl$drleqf)
    _drcmple                                 0x080060df   Thumb Code    98  drleqf.o(x$fpl$drleqf)
    __aeabi_drsub                            0x08006141   Thumb Code     0  daddsub_clz.o(x$fpl$drsb)
    _drsb                                    0x08006141   Thumb Code    74  daddsub_clz.o(x$fpl$drsb)
    __aeabi_dsub                             0x08006191   Thumb Code     0  daddsub_clz.o(x$fpl$dsub)
    _dsub                                    0x08006191   Thumb Code   700  daddsub_clz.o(x$fpl$dsub)
    __dunder                                 0x08006451   Thumb Code   360  dunder_clz.o(x$fpl$dunder)
    __dunder_d                               0x080065b9   Thumb Code    80  dunder_clz.o(x$fpl$dunder)
    __fpl_exception                          0x08006609   Thumb Code   484  except.o(x$fpl$exception)
    __aeabi_f2d                              0x08006811   Thumb Code     0  f2d.o(x$fpl$f2d)
    _f2d                                     0x08006811   Thumb Code   122  f2d.o(x$fpl$f2d)
    __aeabi_fadd                             0x0800688d   Thumb Code     0  faddsub_clz.o(x$fpl$fadd)
    _fadd                                    0x0800688d   Thumb Code   376  faddsub_clz.o(x$fpl$fadd)
    __fpl_fcheck_NaN1                        0x08006a05   Thumb Code    28  fcheck1.o(x$fpl$fcheck1)
    __aeabi_dcmpeq                           0x08006a21   Thumb Code     0  dcmp.o(x$fpl$fcmp)
    _deq                                     0x08006a21   Thumb Code    14  dcmp.o(x$fpl$fcmp)
    _dneq                                    0x08006a2f   Thumb Code    14  dcmp.o(x$fpl$fcmp)
    __aeabi_dcmpgt                           0x08006a3d   Thumb Code     0  dcmp.o(x$fpl$fcmp)
    _dgr                                     0x08006a3d   Thumb Code    14  dcmp.o(x$fpl$fcmp)
    __aeabi_dcmpge                           0x08006a4b   Thumb Code     0  dcmp.o(x$fpl$fcmp)
    _dgeq                                    0x08006a4b   Thumb Code    14  dcmp.o(x$fpl$fcmp)
    __aeabi_dcmple                           0x08006a59   Thumb Code     0  dcmp.o(x$fpl$fcmp)
    _dleq                                    0x08006a59   Thumb Code    14  dcmp.o(x$fpl$fcmp)
    __aeabi_dcmplt                           0x08006a67   Thumb Code     0  dcmp.o(x$fpl$fcmp)
    _dls                                     0x08006a67   Thumb Code    14  dcmp.o(x$fpl$fcmp)
    __aeabi_fcmpeq                           0x08006a75   Thumb Code     0  fcmp.o(x$fpl$fcmp)
    _feq                                     0x08006a75   Thumb Code    14  fcmp.o(x$fpl$fcmp)
    _fneq                                    0x08006a83   Thumb Code    14  fcmp.o(x$fpl$fcmp)
    __aeabi_fcmpgt                           0x08006a91   Thumb Code     0  fcmp.o(x$fpl$fcmp)
    _fgr                                     0x08006a91   Thumb Code    14  fcmp.o(x$fpl$fcmp)
    __aeabi_fcmpge                           0x08006a9f   Thumb Code     0  fcmp.o(x$fpl$fcmp)
    _fgeq                                    0x08006a9f   Thumb Code    14  fcmp.o(x$fpl$fcmp)
    __aeabi_fcmple                           0x08006aad   Thumb Code     0  fcmp.o(x$fpl$fcmp)
    _fleq                                    0x08006aad   Thumb Code    14  fcmp.o(x$fpl$fcmp)
    __aeabi_fcmplt                           0x08006abb   Thumb Code     0  fcmp.o(x$fpl$fcmp)
    _fls                                     0x08006abb   Thumb Code    14  fcmp.o(x$fpl$fcmp)
    __fpl_fcmp_Inf                           0x08006ac9   Thumb Code    24  fcmpi.o(x$fpl$fcmpinf)
    __aeabi_fdiv                             0x08006ae1   Thumb Code     0  fdiv.o(x$fpl$fdiv)
    _fdiv                                    0x08006ae1   Thumb Code   532  fdiv.o(x$fpl$fdiv)
    __aeabi_cfcmpeq                          0x08006cfd   Thumb Code     0  feqf.o(x$fpl$feqf)
    _fcmpeq                                  0x08006cfd   Thumb Code    96  feqf.o(x$fpl$feqf)
    _ffix_r                                  0x08006d5d   Thumb Code   180  ffix.o(x$fpl$ffixr)
    __aeabi_f2uiz                            0x08006e19   Thumb Code     0  ffixu.o(x$fpl$ffixu)
    _ffixu                                   0x08006e19   Thumb Code   110  ffixu.o(x$fpl$ffixu)
    __aeabi_i2f                              0x08006e91   Thumb Code     0  fflt_clz.o(x$fpl$fflt)
    _fflt                                    0x08006e91   Thumb Code   110  fflt_clz.o(x$fpl$fflt)
    __aeabi_ui2f                             0x08006f01   Thumb Code     0  fflt_clz.o(x$fpl$ffltu)
    _ffltu                                   0x08006f01   Thumb Code    94  fflt_clz.o(x$fpl$ffltu)
    _fcmpge                                  0x08006f61   Thumb Code   100  fgeqf.o(x$fpl$fgeqf)
    __aeabi_cfcmple                          0x08006fc5   Thumb Code     0  fleqf.o(x$fpl$fleqf)
    _fcmple                                  0x08006fc5   Thumb Code   100  fleqf.o(x$fpl$fleqf)
    __fpl_fcmple_InfNaN                      0x0800700b   Thumb Code     0  fleqf.o(x$fpl$fleqf)
    __aeabi_fmul                             0x08007029   Thumb Code     0  fmul.o(x$fpl$fmul)
    _fmul                                    0x08007029   Thumb Code   388  fmul.o(x$fpl$fmul)
    __fpl_fnaninf                            0x080071b5   Thumb Code   242  fnaninf.o(x$fpl$fnaninf)
    __fpl_normalise2                         0x080072a7   Thumb Code    74  fnorm2_clz.o(x$fpl$fnorm2)
    _fp_init                                 0x080072f1   Thumb Code    14  fpinit.o(x$fpl$fpinit)
    __fplib_config_pureend_doubles           0x080072fd   Thumb Code     0  fpinit.o(x$fpl$fpinit)
    __fpl_fretinf                            0x080072ff   Thumb Code    10  fretinf.o(x$fpl$fretinf)
    __aeabi_frsub                            0x08007309   Thumb Code     0  faddsub_clz.o(x$fpl$frsb)
    _frsb                                    0x08007309   Thumb Code    58  faddsub_clz.o(x$fpl$frsb)
    __aeabi_fsub                             0x08007345   Thumb Code     0  faddsub_clz.o(x$fpl$fsub)
    _fsub                                    0x08007345   Thumb Code   482  faddsub_clz.o(x$fpl$fsub)
    __funder                                 0x08007527   Thumb Code   272  funder_clz.o(x$fpl$funder)
    __funder_d                               0x08007637   Thumb Code    80  funder_clz.o(x$fpl$funder)
    __ieee_status                            0x08007689   Thumb Code    42  istatus.o(x$fpl$ieeestatus)
    _printf_fp_dec                           0x080076b9   Thumb Code     4  printf1.o(x$fpl$printf1)
    _printf_fp_hex                           0x080076bd   Thumb Code     4  printf2.o(x$fpl$printf2)
    __fpl_return_NaN                         0x080076c1   Thumb Code   178  retnan.o(x$fpl$retnan)
    __ARM_scalbn                             0x08007775   Thumb Code     0  scalbn_clz.o(x$fpl$scalbn)
    scalbn                                   0x08007775   Thumb Code   274  scalbn_clz.o(x$fpl$scalbn)
    __fpl_inf_scalbn                         0x08007885   Thumb Code     0  scalbn_clz.o(x$fpl$scalbn)
    __ARM_scalbnf                            0x0800788d   Thumb Code     0  scalbnf_clz.o(x$fpl$scalbnf)
    scalbnf                                  0x0800788d   Thumb Code   180  scalbnf_clz.o(x$fpl$scalbnf)
    __fpl_inf_scalbnf                        0x0800793f   Thumb Code     0  scalbnf_clz.o(x$fpl$scalbnf)
    _fp_trapveneer                           0x08007945   Thumb Code    36  trapv.o(x$fpl$trapveneer)
    __fpl_cmpreturn                          0x08007969   Thumb Code   108  trapv.o(x$fpl$trapveneer)
    __I$use$fp                               0x080079d5   Thumb Code     0  usenofp.o(x$fpl$usenofp)
    Region$$Table$$Base                      0x08007c9c   Number         0  anon$$obj.o(Region$$Table)
    Region$$Table$$Limit                     0x08007cbc   Number         0  anon$$obj.o(Region$$Table)
    __ctype                                  0x08007ce5   Data           0  lc_ctype_c.o(locale$$data)
    SystemCoreClock                          0x20000000   Data           4  system_stm32f10x.o(.data)
    AHBPrescTable                            0x20000004   Data          16  system_stm32f10x.o(.data)
    USART1_RX_STA                            0x20000028   Data           2  usart.o(.data)
    USART2_RX_STA                            0x2000002a   Data           2  usart.o(.data)
    __stdout                                 0x2000002c   Data           4  usart.o(.data)
    air_data                                 0x200000ac   Data          16  main.o(.bss)
    USART1_RX_BUF                            0x200000bc   Data         200  usart.o(.bss)
    USART2_RX_BUF                            0x20000184   Data         200  usart.o(.bss)
    __libspace_start                         0x2000024c   Data          96  libspace.o(.bss)
    __temporary_stack_top$libspace           0x200002ac   Data           0  libspace.o(.bss)



==============================================================================

Memory Map of the image

  Image Entry point : 0x080000ed

  Load Region LR_IROM1 (Base: 0x08000000, Size: 0x00007e94, Max: 0x00010000, ABSOLUTE)

    Execution Region ER_IROM1 (Base: 0x08000000, Size: 0x00007de8, Max: 0x00010000, ABSOLUTE)

    Base Addr    Size         Type   Attr      Idx    E Section Name        Object

    0x08000000   0x000000ec   Data   RO          249    RESET               startup_stm32f10x_md.o
    0x080000ec   0x00000008   Code   RO          579  * !!!main             c_wu.l(__main.o)(c_wu.l)
    0x080000f4   0x00000034   Code   RO         1033    !!!scatter          c_wu.l(__scatter.o)(c_wu.l)
    0x08000128   0x0000001a   Code   RO         1035    !!handler_copy      c_wu.l(__scatter_copy.o)(c_wu.l)
    0x08000142   0x00000002   PAD
    0x08000144   0x0000001c   Code   RO         1037    !!handler_zi        c_wu.l(__scatter_zi.o)(c_wu.l)
    0x08000160   0x00000000   Code   RO          572    .ARM.Collect$$_printf_percent$$00000000  c_wu.l(_printf_percent.o)(c_wu.l)
    0x08000160   0x00000006   Code   RO          717    .ARM.Collect$$_printf_percent$$00000001  c_wu.l(_printf_n.o)(c_wu.l)
    0x08000166   0x00000006   Code   RO          719    .ARM.Collect$$_printf_percent$$00000002  c_wu.l(_printf_p.o)(c_wu.l)
    0x0800016c   0x00000006   Code   RO          571    .ARM.Collect$$_printf_percent$$00000003  c_wu.l(_printf_f.o)(c_wu.l)
    0x08000172   0x00000006   Code   RO          723    .ARM.Collect$$_printf_percent$$00000004  c_wu.l(_printf_e.o)(c_wu.l)
    0x08000178   0x00000006   Code   RO          724    .ARM.Collect$$_printf_percent$$00000005  c_wu.l(_printf_g.o)(c_wu.l)
    0x0800017e   0x00000006   Code   RO          725    .ARM.Collect$$_printf_percent$$00000006  c_wu.l(_printf_a.o)(c_wu.l)
    0x08000184   0x0000000a   Code   RO          730    .ARM.Collect$$_printf_percent$$00000007  c_wu.l(_printf_ll.o)(c_wu.l)
    0x0800018e   0x00000006   Code   RO          721    .ARM.Collect$$_printf_percent$$00000008  c_wu.l(_printf_i.o)(c_wu.l)
    0x08000194   0x00000006   Code   RO          570    .ARM.Collect$$_printf_percent$$00000009  c_wu.l(_printf_d.o)(c_wu.l)
    0x0800019a   0x00000006   Code   RO          722    .ARM.Collect$$_printf_percent$$0000000A  c_wu.l(_printf_u.o)(c_wu.l)
    0x080001a0   0x00000006   Code   RO          720    .ARM.Collect$$_printf_percent$$0000000B  c_wu.l(_printf_o.o)(c_wu.l)
    0x080001a6   0x00000006   Code   RO          718    .ARM.Collect$$_printf_percent$$0000000C  c_wu.l(_printf_x.o)(c_wu.l)
    0x080001ac   0x00000006   Code   RO          727    .ARM.Collect$$_printf_percent$$0000000D  c_wu.l(_printf_lli.o)(c_wu.l)
    0x080001b2   0x00000006   Code   RO          728    .ARM.Collect$$_printf_percent$$0000000E  c_wu.l(_printf_lld.o)(c_wu.l)
    0x080001b8   0x00000006   Code   RO          729    .ARM.Collect$$_printf_percent$$0000000F  c_wu.l(_printf_llu.o)(c_wu.l)
    0x080001be   0x00000006   Code   RO          734    .ARM.Collect$$_printf_percent$$00000010  c_wu.l(_printf_llo.o)(c_wu.l)
    0x080001c4   0x00000006   Code   RO          735    .ARM.Collect$$_printf_percent$$00000011  c_wu.l(_printf_llx.o)(c_wu.l)
    0x080001ca   0x0000000a   Code   RO          731    .ARM.Collect$$_printf_percent$$00000012  c_wu.l(_printf_l.o)(c_wu.l)
    0x080001d4   0x00000006   Code   RO          569    .ARM.Collect$$_printf_percent$$00000013  c_wu.l(_printf_c.o)(c_wu.l)
    0x080001da   0x00000006   Code   RO          716    .ARM.Collect$$_printf_percent$$00000014  c_wu.l(_printf_s.o)(c_wu.l)
    0x080001e0   0x00000006   Code   RO          732    .ARM.Collect$$_printf_percent$$00000015  c_wu.l(_printf_lc.o)(c_wu.l)
    0x080001e6   0x00000006   Code   RO          733    .ARM.Collect$$_printf_percent$$00000016  c_wu.l(_printf_ls.o)(c_wu.l)
    0x080001ec   0x00000004   Code   RO          726    .ARM.Collect$$_printf_percent$$00000017  c_wu.l(_printf_percent_end.o)(c_wu.l)
    0x080001f0   0x00000006   Code   RO          914    .ARM.Collect$$libinit$$00000000  c_wu.l(libinit.o)(c_wu.l)
    0x080001f6   0x00000000   Code   RO          917    .ARM.Collect$$libinit$$00000006  c_wu.l(libinit2.o)(c_wu.l)
    0x080001f6   0x00000000   Code   RO          919    .ARM.Collect$$libinit$$00000008  c_wu.l(libinit2.o)(c_wu.l)
    0x080001f6   0x00000000   Code   RO          921    .ARM.Collect$$libinit$$0000000A  c_wu.l(libinit2.o)(c_wu.l)
    0x080001f6   0x00000006   Code   RO          922    .ARM.Collect$$libinit$$0000000B  c_wu.l(libinit2.o)(c_wu.l)
    0x080001fc   0x00000000   Code   RO          924    .ARM.Collect$$libinit$$0000000D  c_wu.l(libinit2.o)(c_wu.l)
    0x080001fc   0x0000000c   Code   RO          925    .ARM.Collect$$libinit$$0000000E  c_wu.l(libinit2.o)(c_wu.l)
    0x08000208   0x00000000   Code   RO          926    .ARM.Collect$$libinit$$0000000F  c_wu.l(libinit2.o)(c_wu.l)
    0x08000208   0x00000000   Code   RO          928    .ARM.Collect$$libinit$$00000011  c_wu.l(libinit2.o)(c_wu.l)
    0x08000208   0x0000000a   Code   RO          929    .ARM.Collect$$libinit$$00000012  c_wu.l(libinit2.o)(c_wu.l)
    0x08000212   0x00000000   Code   RO          930    .ARM.Collect$$libinit$$00000013  c_wu.l(libinit2.o)(c_wu.l)
    0x08000212   0x00000000   Code   RO          932    .ARM.Collect$$libinit$$00000015  c_wu.l(libinit2.o)(c_wu.l)
    0x08000212   0x00000000   Code   RO          934    .ARM.Collect$$libinit$$00000017  c_wu.l(libinit2.o)(c_wu.l)
    0x08000212   0x00000000   Code   RO          936    .ARM.Collect$$libinit$$00000019  c_wu.l(libinit2.o)(c_wu.l)
    0x08000212   0x00000000   Code   RO          938    .ARM.Collect$$libinit$$0000001B  c_wu.l(libinit2.o)(c_wu.l)
    0x08000212   0x00000000   Code   RO          940    .ARM.Collect$$libinit$$0000001D  c_wu.l(libinit2.o)(c_wu.l)
    0x08000212   0x00000000   Code   RO          942    .ARM.Collect$$libinit$$0000001F  c_wu.l(libinit2.o)(c_wu.l)
    0x08000212   0x00000000   Code   RO          944    .ARM.Collect$$libinit$$00000021  c_wu.l(libinit2.o)(c_wu.l)
    0x08000212   0x00000000   Code   RO          948    .ARM.Collect$$libinit$$00000028  c_wu.l(libinit2.o)(c_wu.l)
    0x08000212   0x00000000   Code   RO          950    .ARM.Collect$$libinit$$0000002A  c_wu.l(libinit2.o)(c_wu.l)
    0x08000212   0x00000000   Code   RO          952    .ARM.Collect$$libinit$$0000002C  c_wu.l(libinit2.o)(c_wu.l)
    0x08000212   0x00000000   Code   RO          954    .ARM.Collect$$libinit$$0000002E  c_wu.l(libinit2.o)(c_wu.l)
    0x08000212   0x00000002   Code   RO          955    .ARM.Collect$$libinit$$0000002F  c_wu.l(libinit2.o)(c_wu.l)
    0x08000214   0x00000002   Code   RO          999    .ARM.Collect$$libshutdown$$00000000  c_wu.l(libshutdown.o)(c_wu.l)
    0x08000216   0x00000000   Code   RO         1018    .ARM.Collect$$libshutdown$$00000003  c_wu.l(libshutdown2.o)(c_wu.l)
    0x08000216   0x00000000   Code   RO         1021    .ARM.Collect$$libshutdown$$00000006  c_wu.l(libshutdown2.o)(c_wu.l)
    0x08000216   0x00000000   Code   RO         1024    .ARM.Collect$$libshutdown$$00000009  c_wu.l(libshutdown2.o)(c_wu.l)
    0x08000216   0x00000000   Code   RO         1026    .ARM.Collect$$libshutdown$$0000000B  c_wu.l(libshutdown2.o)(c_wu.l)
    0x08000216   0x00000000   Code   RO         1029    .ARM.Collect$$libshutdown$$0000000E  c_wu.l(libshutdown2.o)(c_wu.l)
    0x08000216   0x00000002   Code   RO         1030    .ARM.Collect$$libshutdown$$0000000F  c_wu.l(libshutdown2.o)(c_wu.l)
    0x08000218   0x00000000   Code   RO          657    .ARM.Collect$$rtentry$$00000000  c_wu.l(rtentry.o)(c_wu.l)
    0x08000218   0x00000000   Code   RO          814    .ARM.Collect$$rtentry$$00000002  c_wu.l(rtentry2.o)(c_wu.l)
    0x08000218   0x00000006   Code   RO          829    .ARM.Collect$$rtentry$$00000004  c_wu.l(rtentry4.o)(c_wu.l)
    0x0800021e   0x00000000   Code   RO          816    .ARM.Collect$$rtentry$$00000009  c_wu.l(rtentry2.o)(c_wu.l)
    0x0800021e   0x00000004   Code   RO          817    .ARM.Collect$$rtentry$$0000000A  c_wu.l(rtentry2.o)(c_wu.l)
    0x08000222   0x00000000   Code   RO          819    .ARM.Collect$$rtentry$$0000000C  c_wu.l(rtentry2.o)(c_wu.l)
    0x08000222   0x00000008   Code   RO          820    .ARM.Collect$$rtentry$$0000000D  c_wu.l(rtentry2.o)(c_wu.l)
    0x0800022a   0x00000002   Code   RO          956    .ARM.Collect$$rtexit$$00000000  c_wu.l(rtexit.o)(c_wu.l)
    0x0800022c   0x00000000   Code   RO          972    .ARM.Collect$$rtexit$$00000002  c_wu.l(rtexit2.o)(c_wu.l)
    0x0800022c   0x00000004   Code   RO          973    .ARM.Collect$$rtexit$$00000003  c_wu.l(rtexit2.o)(c_wu.l)
    0x08000230   0x00000006   Code   RO          974    .ARM.Collect$$rtexit$$00000004  c_wu.l(rtexit2.o)(c_wu.l)
    0x08000236   0x00000002   PAD
    0x08000238   0x000001c8   Code   RO           17    .text               system_stm32f10x.o
    0x08000400   0x000000f8   Code   RO          114    .text               misc.o
    0x080004f8   0x00000358   Code   RO          149    .text               stm32f10x_gpio.o
    0x08000850   0x000003a4   Code   RO          161    .text               stm32f10x_rcc.o
    0x08000bf4   0x0000040c   Code   RO          175    .text               stm32f10x_usart.o
    0x08001000   0x000005c8   Code   RO          223    .text               stm32f10x_flash.o
    0x080015c8   0x000003f0   Code   RO          235    .text               stm32f10x_i2c.o
    0x080019b8   0x00000040   Code   RO          250    .text               startup_stm32f10x_md.o
    0x080019f8   0x0000026c   Code   RO          254    .text               main.o
    0x08001c64   0x0000001a   Code   RO          331    .text               stm32f10x_it.o
    0x08001c7e   0x00000060   Code   RO          346    .text               delay.o
    0x08001cde   0x0000007a   Code   RO          361    .text               sys.o
    0x08001d58   0x0000031c   Code   RO          391    .text               usart.o
    0x08002074   0x00000304   Code   RO          418    .text               i2c.o
    0x08002378   0x0000002c   Code   RO          433    .text               led.o
    0x080023a4   0x00000512   Code   RO          481    .text               zmod44xx.o
    0x080028b6   0x00000002   Code   RO          535    .text               c_wu.l(use_no_semi_2.o)(c_wu.l)
    0x080028b8   0x00000034   Code   RO          537    .text               c_wu.l(vsnprintf.o)(c_wu.l)
    0x080028ec   0x00000018   Code   RO          539    .text               c_wu.l(__2printf.o)(c_wu.l)
    0x08002904   0x00000050   Code   RO          545    .text               c_wu.l(_printf_pad.o)(c_wu.l)
    0x08002954   0x00000052   Code   RO          547    .text               c_wu.l(_printf_str.o)(c_wu.l)
    0x080029a6   0x00000002   PAD
    0x080029a8   0x00000074   Code   RO          549    .text               c_wu.l(_printf_dec.o)(c_wu.l)
    0x08002a1c   0x0000019c   Code   RO          566    .text               c_wu.l(__printf_flags_ss_wp.o)(c_wu.l)
    0x08002bb8   0x0000003e   Code   RO          573    .text               c_wu.l(strlen.o)(c_wu.l)
    0x08002bf6   0x00000064   Code   RO          575    .text               c_wu.l(rt_memcpy_w.o)(c_wu.l)
    0x08002c5a   0x00000006   Code   RO          577    .text               c_wu.l(heapauxi.o)(c_wu.l)
    0x08002c60   0x00000002   Code   RO          655    .text               c_wu.l(use_no_semi.o)(c_wu.l)
    0x08002c62   0x00000002   PAD
    0x08002c64   0x0000000c   Code   RO          662    .text               c_wu.l(rt_fp_status_addr_intlibspace.o)(c_wu.l)
    0x08002c70   0x00000016   Code   RO          664    .text               c_wu.l(_rserrno.o)(c_wu.l)
    0x08002c86   0x00000024   Code   RO          666    .text               c_wu.l(_printf_truncate.o)(c_wu.l)
    0x08002caa   0x000000b4   Code   RO          668    .text               c_wu.l(_printf_intcommon.o)(c_wu.l)
    0x08002d5e   0x0000002a   Code   RO          670    .text               c_wu.l(_printf_charcount.o)(c_wu.l)
    0x08002d88   0x0000040e   Code   RO          672    .text               c_wu.l(_printf_fp_dec.o)(c_wu.l)
    0x08003196   0x00000002   PAD
    0x08003198   0x00000030   Code   RO          674    .text               c_wu.l(_printf_char_common.o)(c_wu.l)
    0x080031c8   0x0000000a   Code   RO          676    .text               c_wu.l(_sputc.o)(c_wu.l)
    0x080031d2   0x00000010   Code   RO          678    .text               c_wu.l(_snputc.o)(c_wu.l)
    0x080031e2   0x0000002c   Code   RO          680    .text               c_wu.l(_printf_char.o)(c_wu.l)
    0x0800320e   0x00000002   PAD
    0x08003210   0x00000024   Code   RO          682    .text               c_wu.l(_printf_char_file.o)(c_wu.l)
    0x08003234   0x000000bc   Code   RO          684    .text               c_wu.l(_printf_wctomb.o)(c_wu.l)
    0x080032f0   0x00000078   Code   RO          687    .text               c_wu.l(_printf_longlong_dec.o)(c_wu.l)
    0x08003368   0x00000078   Code   RO          693    .text               c_wu.l(_printf_oct_int_ll.o)(c_wu.l)
    0x080033e0   0x0000009c   Code   RO          713    .text               c_wu.l(_printf_hex_int_ll_ptr.o)(c_wu.l)
    0x0800347c   0x00000010   Code   RO          736    .text               c_wu.l(rtudiv10.o)(c_wu.l)
    0x0800348c   0x00000008   Code   RO          810    .text               c_wu.l(libspace.o)(c_wu.l)
    0x08003494   0x0000000c   Code   RO          834    .text               c_wu.l(rt_locale_intlibspace.o)(c_wu.l)
    0x080034a0   0x0000000c   Code   RO          839    .text               c_wu.l(rt_errno_addr_intlibspace.o)(c_wu.l)
    0x080034ac   0x0000008a   Code   RO          841    .text               c_wu.l(lludiv10.o)(c_wu.l)
    0x08003536   0x00000002   PAD
    0x08003538   0x00000030   Code   RO          843    .text               c_wu.l(_fptrap.o)(c_wu.l)
    0x08003568   0x000002f4   Code   RO          845    .text               c_wu.l(_printf_fp_hex.o)(c_wu.l)
    0x0800385c   0x0000007c   Code   RO          848    .text               c_wu.l(_printf_fp_infnan.o)(c_wu.l)
    0x080038d8   0x0000002c   Code   RO          852    .text               c_wu.l(_printf_wchar.o)(c_wu.l)
    0x08003904   0x000000ec   Code   RO          854    .text               c_wu.l(bigflt0.o)(c_wu.l)
    0x080039f0   0x00000008   Code   RO          879    .text               c_wu.l(ferror.o)(c_wu.l)
    0x080039f8   0x00000040   Code   RO          883    .text               c_wu.l(_wcrtomb.o)(c_wu.l)
    0x08003a38   0x0000004a   Code   RO          896    .text               c_wu.l(sys_stackheap_outer.o)(c_wu.l)
    0x08003a82   0x00000002   PAD
    0x08003a84   0x00000010   Code   RO          898    .text               c_wu.l(rt_ctype_table.o)(c_wu.l)
    0x08003a94   0x0000000c   Code   RO          900    .text               c_wu.l(exit.o)(c_wu.l)
    0x08003aa0   0x0000000e   Code   RO          902    .text               c_wu.l(defsig_fpe_outer.o)(c_wu.l)
    0x08003aae   0x00000002   PAD
    0x08003ab0   0x00000080   Code   RO          906    .text               c_wu.l(strcmpv7m.o)(c_wu.l)
    0x08003b30   0x0000000a   Code   RO          963    .text               c_wu.l(defsig_exit.o)(c_wu.l)
    0x08003b3a   0x00000002   PAD
    0x08003b3c   0x000000ac   Code   RO          965    .text               c_wu.l(defsig_fpe_inner.o)(c_wu.l)
    0x08003be8   0x00000032   Code   RO          981    .text               c_wu.l(defsig_general.o)(c_wu.l)
    0x08003c1a   0x00000002   PAD
    0x08003c1c   0x000001dc   Code   RO          507    .text.calc_eco2     libeco2_m3.LIB(libeco2_m3.o)(libeco2_m3.LIB)
    0x08003df8   0x00000060   Code   RO          515    .text.calc_iaq      libiaq_m3.LIB(libiaq_m3.o)(libiaq_m3.LIB)
    0x08003e58   0x000000d0   Code   RO          519    .text.calc_odor     libodor_m3.LIB(libodor_m3.o)(libodor_m3.LIB)
    0x08003f28   0x00000050   Code   RO          532    .text.calc_tvoc     libtvoc_m3.LIB(libtvoc_m3.o)(libtvoc_m3.LIB)
    0x08003f78   0x000000c0   Code   RO          527    .text.r_cda_tracker  libr_cda_m3.LIB(libr_cda_m3.o)(libr_cda_m3.LIB)
    0x08004038   0x0000003e   Code   RO          857    CL$$btod_d2e        c_wu.l(btod.o)(c_wu.l)
    0x08004076   0x00000046   Code   RO          859    CL$$btod_d2e_denorm_low  c_wu.l(btod.o)(c_wu.l)
    0x080040bc   0x00000060   Code   RO          858    CL$$btod_d2e_norm_op1  c_wu.l(btod.o)(c_wu.l)
    0x0800411c   0x00000338   Code   RO          867    CL$$btod_div_common  c_wu.l(btod.o)(c_wu.l)
    0x08004454   0x000000c6   Code   RO          864    CL$$btod_e2e        c_wu.l(btod.o)(c_wu.l)
    0x0800451a   0x00000028   Code   RO          861    CL$$btod_ediv       c_wu.l(btod.o)(c_wu.l)
    0x08004542   0x00000028   Code   RO          860    CL$$btod_emul       c_wu.l(btod.o)(c_wu.l)
    0x0800456a   0x00000244   Code   RO          866    CL$$btod_mult_common  c_wu.l(btod.o)(c_wu.l)
    0x080047ae   0x00000028   Code   RO          801    i.__ARM_fpclassify  m_ws.l(fpclassify.o)(m_ws.l)
    0x080047d6   0x00000026   Code   RO          803    i.__ARM_fpclassifyf  m_ws.l(fpclassifyf.o)(m_ws.l)
    0x080047fc   0x000000aa   Code   RO          807    i.__kernel_poly     m_ws.l(poly.o)(m_ws.l)
    0x080048a6   0x00000002   PAD
    0x080048a8   0x00000010   Code   RO          799    i.__mathlib_dbl_underflow  m_ws.l(dunder.o)(m_ws.l)
    0x080048b8   0x0000000a   Code   RO          805    i.__mathlib_flt_underflow  m_ws.l(funder.o)(m_ws.l)
    0x080048c2   0x00000002   PAD
    0x080048c4   0x00000290   Code   RO          636    i.exp               m_ws.l(exp.o)(m_ws.l)
    0x08004b54   0x00000604   Code   RO          646    i.powf              m_ws.l(powf.o)(m_ws.l)
    0x08005158   0x0000002c   Code   RO          886    locale$$code        c_wu.l(lc_numeric_c.o)(c_wu.l)
    0x08005184   0x0000002c   Code   RO          961    locale$$code        c_wu.l(lc_ctype_c.o)(c_wu.l)
    0x080051b0   0x00000320   Code   RO          581    x$fpl$d2f           g_ws.l(d2f_clz.o)(g_ws.l)
    0x080054d0   0x00000268   Code   RO          583    x$fpl$dadd          g_ws.l(daddsub_clz.o)(g_ws.l)
    0x08005738   0x0000001c   Code   RO          888    x$fpl$dcheck1       g_ws.l(dcheck1.o)(g_ws.l)
    0x08005754   0x00000018   Code   RO          738    x$fpl$dcmpinf       g_ws.l(dcmpi.o)(g_ws.l)
    0x0800576c   0x0000038c   Code   RO          592    x$fpl$ddiv          g_ws.l(ddiv_clz.o)(g_ws.l)
    0x08005af8   0x00000074   Code   RO          740    x$fpl$deqf          g_ws.l(deqf.o)(g_ws.l)
    0x08005b6c   0x000000c8   Code   RO          742    x$fpl$dfix          g_ws.l(dfix.o)(g_ws.l)
    0x08005c34   0x0000002e   Code   RO          596    x$fpl$dflt          g_ws.l(dflt_clz.o)(g_ws.l)
    0x08005c62   0x0000001a   Code   RO          597    x$fpl$dfltn         g_ws.l(dflt_clz.o)(g_ws.l)
    0x08005c7c   0x00000026   Code   RO          595    x$fpl$dfltu         g_ws.l(dflt_clz.o)(g_ws.l)
    0x08005ca2   0x00000002   PAD
    0x08005ca4   0x00000078   Code   RO          746    x$fpl$dgeqf         g_ws.l(dgeqf.o)(g_ws.l)
    0x08005d1c   0x00000078   Code   RO          601    x$fpl$dleqf         g_ws.l(dleqf.o)(g_ws.l)
    0x08005d94   0x000001cc   Code   RO          603    x$fpl$dmul          g_ws.l(dmul_clz.o)(g_ws.l)
    0x08005f60   0x00000102   Code   RO          748    x$fpl$dnaninf       g_ws.l(dnaninf.o)(g_ws.l)
    0x08006062   0x00000070   Code   RO          750    x$fpl$drenorm       g_ws.l(drenorm_clz.o)(g_ws.l)
    0x080060d2   0x0000000c   Code   RO          752    x$fpl$dretinf       g_ws.l(dretinf.o)(g_ws.l)
    0x080060de   0x00000062   Code   RO          605    x$fpl$drleqf        g_ws.l(drleqf.o)(g_ws.l)
    0x08006140   0x00000050   Code   RO          584    x$fpl$drsb          g_ws.l(daddsub_clz.o)(g_ws.l)
    0x08006190   0x000002c0   Code   RO          585    x$fpl$dsub          g_ws.l(daddsub_clz.o)(g_ws.l)
    0x08006450   0x000001b8   Code   RO          754    x$fpl$dunder        g_ws.l(dunder_clz.o)(g_ws.l)
    0x08006608   0x00000208   Code   RO          756    x$fpl$exception     g_ws.l(except.o)(g_ws.l)
    0x08006810   0x0000007a   Code   RO          607    x$fpl$f2d           g_ws.l(f2d.o)(g_ws.l)
    0x0800688a   0x00000002   PAD
    0x0800688c   0x00000178   Code   RO          609    x$fpl$fadd          g_ws.l(faddsub_clz.o)(g_ws.l)
    0x08006a04   0x0000001c   Code   RO          890    x$fpl$fcheck1       g_ws.l(fcheck1.o)(g_ws.l)
    0x08006a20   0x00000054   Code   RO          589    x$fpl$fcmp          g_ws.l(dcmp.o)(g_ws.l)
    0x08006a74   0x00000054   Code   RO          615    x$fpl$fcmp          g_ws.l(fcmp.o)(g_ws.l)
    0x08006ac8   0x00000018   Code   RO          892    x$fpl$fcmpinf       g_ws.l(fcmpi.o)(g_ws.l)
    0x08006ae0   0x0000021c   Code   RO          618    x$fpl$fdiv          g_ws.l(fdiv.o)(g_ws.l)
    0x08006cfc   0x00000060   Code   RO          758    x$fpl$feqf          g_ws.l(feqf.o)(g_ws.l)
    0x08006d5c   0x000000bc   Code   RO          761    x$fpl$ffixr         g_ws.l(ffix.o)(g_ws.l)
    0x08006e18   0x00000078   Code   RO          621    x$fpl$ffixu         g_ws.l(ffixu.o)(g_ws.l)
    0x08006e90   0x0000006e   Code   RO          626    x$fpl$fflt          g_ws.l(fflt_clz.o)(g_ws.l)
    0x08006efe   0x00000002   PAD
    0x08006f00   0x0000005e   Code   RO          625    x$fpl$ffltu         g_ws.l(fflt_clz.o)(g_ws.l)
    0x08006f5e   0x00000002   PAD
    0x08006f60   0x00000064   Code   RO          764    x$fpl$fgeqf         g_ws.l(fgeqf.o)(g_ws.l)
    0x08006fc4   0x00000064   Code   RO          766    x$fpl$fleqf         g_ws.l(fleqf.o)(g_ws.l)
    0x08007028   0x0000018c   Code   RO          631    x$fpl$fmul          g_ws.l(fmul.o)(g_ws.l)
    0x080071b4   0x000000f2   Code   RO          768    x$fpl$fnaninf       g_ws.l(fnaninf.o)(g_ws.l)
    0x080072a6   0x0000004a   Code   RO          770    x$fpl$fnorm2        g_ws.l(fnorm2_clz.o)(g_ws.l)
    0x080072f0   0x0000000e   Code   RO          969    x$fpl$fpinit        g_ws.l(fpinit.o)(g_ws.l)
    0x080072fe   0x0000000a   Code   RO          772    x$fpl$fretinf       g_ws.l(fretinf.o)(g_ws.l)
    0x08007308   0x0000003a   Code   RO          610    x$fpl$frsb          g_ws.l(faddsub_clz.o)(g_ws.l)
    0x08007342   0x00000002   PAD
    0x08007344   0x000001e2   Code   RO          611    x$fpl$fsub          g_ws.l(faddsub_clz.o)(g_ws.l)
    0x08007526   0x00000160   Code   RO          774    x$fpl$funder        g_ws.l(funder_clz.o)(g_ws.l)
    0x08007686   0x00000002   PAD
    0x08007688   0x00000030   Code   RO          776    x$fpl$ieeestatus    g_ws.l(istatus.o)(g_ws.l)
    0x080076b8   0x00000004   Code   RO          633    x$fpl$printf1       g_ws.l(printf1.o)(g_ws.l)
    0x080076bc   0x00000004   Code   RO          778    x$fpl$printf2       g_ws.l(printf2.o)(g_ws.l)
    0x080076c0   0x000000b2   Code   RO          894    x$fpl$retnan        g_ws.l(retnan.o)(g_ws.l)
    0x08007772   0x00000002   PAD
    0x08007774   0x00000118   Code   RO          787    x$fpl$scalbn        g_ws.l(scalbn_clz.o)(g_ws.l)
    0x0800788c   0x000000b8   Code   RO          793    x$fpl$scalbnf       g_ws.l(scalbnf_clz.o)(g_ws.l)
    0x08007944   0x00000090   Code   RO          796    x$fpl$trapveneer    g_ws.l(trapv.o)(g_ws.l)
    0x080079d4   0x00000000   Code   RO          798    x$fpl$usenofp       g_ws.l(usenofp.o)(g_ws.l)
    0x080079d4   0x0000002c   Data   RO          256    .constdata          main.o
    0x08007a00   0x00000011   Data   RO          567    .constdata          c_wu.l(__printf_flags_ss_wp.o)(c_wu.l)
    0x08007a11   0x00000007   PAD
    0x08007a18   0x00000058   Data   RO          637    .constdata          m_ws.l(exp.o)(m_ws.l)
    0x08007a70   0x00000140   Data   RO          647    .constdata          m_ws.l(powf.o)(m_ws.l)
    0x08007bb0   0x00000008   Data   RO          685    .constdata          c_wu.l(_printf_wctomb.o)(c_wu.l)
    0x08007bb8   0x00000028   Data   RO          714    .constdata          c_wu.l(_printf_hex_int_ll_ptr.o)(c_wu.l)
    0x08007be0   0x00000026   Data   RO          846    .constdata          c_wu.l(_printf_fp_hex.o)(c_wu.l)
    0x08007c06   0x00000002   PAD
    0x08007c08   0x00000094   Data   RO          855    .constdata          c_wu.l(bigflt0.o)(c_wu.l)
    0x08007c9c   0x00000020   Data   RO         1031    Region$$Table       anon$$obj.o
    0x08007cbc   0x0000001c   Data   RO          885    locale$$data        c_wu.l(lc_numeric_c.o)(c_wu.l)
    0x08007cd8   0x00000110   Data   RO          960    locale$$data        c_wu.l(lc_ctype_c.o)(c_wu.l)


    Execution Region RW_IRAM1 (Base: 0x20000000, Size: 0x000008e0, Max: 0x00005000, ABSOLUTE)

    Base Addr    Size         Type   Attr      Idx    E Section Name        Object

    0x20000000   0x00000014   Data   RW           18    .data               system_stm32f10x.o
    0x20000014   0x00000014   Data   RW          162    .data               stm32f10x_rcc.o
    0x20000028   0x00000008   Data   RW          393    .data               usart.o
    0x20000030   0x0000007c   Data   RW          482    .data               zmod44xx.o
    0x200000ac   0x00000010   Zero   RW          255    .bss                main.o
    0x200000bc   0x00000190   Zero   RW          392    .bss                usart.o
    0x2000024c   0x00000060   Zero   RW          811    .bss                c_wu.l(libspace.o)(c_wu.l)
    0x200002ac   0x00000004   Zero   RW          520    .bss.conc_mean.4876  libodor_m3.LIB(libodor_m3.o)(libodor_m3.LIB)
    0x200002b0   0x00000004   Zero   RW          508    .bss.conc_tvoc_filt.4873  libeco2_m3.LIB(libeco2_m3.o)(libeco2_m3.LIB)
    0x200002b4   0x00000004   Zero   RW          521    .bss.control_signal_stop_timer.4875  libodor_m3.LIB(libodor_m3.o)(libodor_m3.LIB)
    0x200002b8   0x00000001   Zero   RW          522    .bss.cs_state.4877  libodor_m3.LIB(libodor_m3.o)(libodor_m3.LIB)
    0x200002b9   0x00000003   PAD
    0x200002bc   0x00000004   Zero   RW          509    .bss.non_corr_con_tvoc.4875  libeco2_m3.LIB(libeco2_m3.o)(libeco2_m3.LIB)
    0x200002c0   0x00000010   Zero   RW          510    .bss.prev_conc_tvoc_filt.4874  libeco2_m3.LIB(libeco2_m3.o)(libeco2_m3.LIB)
    0x200002d0   0x00000008   Zero   RW          528    .bss.r_cda_last.4103  libr_cda_m3.LIB(libr_cda_m3.o)(libr_cda_m3.LIB)
    0x200002d8   0x00000004   Zero   RW          523    .bss.sample_no.4874  libodor_m3.LIB(libodor_m3.o)(libodor_m3.LIB)
    0x200002dc   0x00000001   Zero   RW          511    .bss.sample_number.4872  libeco2_m3.LIB(libeco2_m3.o)(libeco2_m3.LIB)
    0x200002dd   0x00000003   PAD
    0x200002e0   0x00000200   Zero   RW          248    HEAP                startup_stm32f10x_md.o
    0x200004e0   0x00000400   Zero   RW          247    STACK               startup_stm32f10x_md.o


==============================================================================

Image component sizes


      Code (inc. data)   RO Data    RW Data    ZI Data      Debug   Object Name

         0          0          0          0          0          0   core_cm3.o
        96          0          0          0          0          0   delay.o
       772         22          0          0          0          0   i2c.o
        44          6          0          0          0          0   led.o
       620         94         44          0         16          0   main.o
       248         30          0          0          0          0   misc.o
        64         26        236          0       1536          0   startup_stm32f10x_md.o
      1480         52          0          0          0          0   stm32f10x_flash.o
       856         40          0          0          0          0   stm32f10x_gpio.o
      1008         16          0          0          0          0   stm32f10x_i2c.o
        26          0          0          0          0          0   stm32f10x_it.o
       932         52          0         20          0          0   stm32f10x_rcc.o
      1036         20          0          0          0          0   stm32f10x_usart.o
       122          0          0          0          0          0   sys.o
       456         36          0         20          0          0   system_stm32f10x.o
       796         38          0          8        400          0   usart.o
      1298         56          0        124          0          0   zmod44xx.o

    ----------------------------------------------------------------------
      9854        488        312        172       1952          0   Object Totals
         0          0         32          0          0          0   (incl. Generated)
         0          0          0          0          0          3   (incl. Padding)

    ----------------------------------------------------------------------

      Code (inc. data)   RO Data    RW Data    ZI Data      Debug   Library Member Name

        24          4          0          0          0          0   __2printf.o
         8          0          0          0          0          0   __main.o
       412          6         17          0          0          0   __printf_flags_ss_wp.o
        52          8          0          0          0          0   __scatter.o
        26          0          0          0          0          0   __scatter_copy.o
        28          0          0          0          0          0   __scatter_zi.o
        48          4          0          0          0          0   _fptrap.o
         6          0          0          0          0          0   _printf_a.o
         6          0          0          0          0          0   _printf_c.o
        44          0          0          0          0          0   _printf_char.o
        48          6          0          0          0          0   _printf_char_common.o
        36          4          0          0          0          0   _printf_char_file.o
        42          0          0          0          0          0   _printf_charcount.o
         6          0          0          0          0          0   _printf_d.o
       116         18          0          0          0          0   _printf_dec.o
         6          0          0          0          0          0   _printf_e.o
         6          0          0          0          0          0   _printf_f.o
      1038          0          0          0          0          0   _printf_fp_dec.o
       756          8         38          0          0          0   _printf_fp_hex.o
       124         16          0          0          0          0   _printf_fp_infnan.o
         6          0          0          0          0          0   _printf_g.o
       156          6         40          0          0          0   _printf_hex_int_ll_ptr.o
         6          0          0          0          0          0   _printf_i.o
       180          0          0          0          0          0   _printf_intcommon.o
        10          0          0          0          0          0   _printf_l.o
         6          0          0          0          0          0   _printf_lc.o
        10          0          0          0          0          0   _printf_ll.o
         6          0          0          0          0          0   _printf_lld.o
         6          0          0          0          0          0   _printf_lli.o
         6          0          0          0          0          0   _printf_llo.o
         6          0          0          0          0          0   _printf_llu.o
         6          0          0          0          0          0   _printf_llx.o
       120         16          0          0          0          0   _printf_longlong_dec.o
         6          0          0          0          0          0   _printf_ls.o
         6          0          0          0          0          0   _printf_n.o
         6          0          0          0          0          0   _printf_o.o
       120          8          0          0          0          0   _printf_oct_int_ll.o
         6          0          0          0          0          0   _printf_p.o
        80          0          0          0          0          0   _printf_pad.o
         0          0          0          0          0          0   _printf_percent.o
         4          0          0          0          0          0   _printf_percent_end.o
         6          0          0          0          0          0   _printf_s.o
        82          0          0          0          0          0   _printf_str.o
        36          0          0          0          0          0   _printf_truncate.o
         6          0          0          0          0          0   _printf_u.o
        44          0          0          0          0          0   _printf_wchar.o
       188          6          8          0          0          0   _printf_wctomb.o
         6          0          0          0          0          0   _printf_x.o
        22          0          0          0          0          0   _rserrno.o
        16          0          0          0          0          0   _snputc.o
        10          0          0          0          0          0   _sputc.o
        64          0          0          0          0          0   _wcrtomb.o
       236          6        148          0          0          0   bigflt0.o
      1910        128          0          0          0          0   btod.o
        10          0          0          0          0          0   defsig_exit.o
       172        110          0          0          0          0   defsig_fpe_inner.o
        14          0          0          0          0          0   defsig_fpe_outer.o
        50          0          0          0          0          0   defsig_general.o
        12          0          0          0          0          0   exit.o
         8          0          0          0          0          0   ferror.o
         6          0          0          0          0          0   heapauxi.o
        44         10        272          0          0          0   lc_ctype_c.o
        44         10         28          0          0          0   lc_numeric_c.o
         6          0          0          0          0          0   libinit.o
        30          0          0          0          0          0   libinit2.o
         2          0          0          0          0          0   libshutdown.o
         2          0          0          0          0          0   libshutdown2.o
         8          4          0          0         96          0   libspace.o
       138          0          0          0          0          0   lludiv10.o
        16          4          0          0          0          0   rt_ctype_table.o
        12          4          0          0          0          0   rt_errno_addr_intlibspace.o
        12          4          0          0          0          0   rt_fp_status_addr_intlibspace.o
        12          4          0          0          0          0   rt_locale_intlibspace.o
       100          0          0          0          0          0   rt_memcpy_w.o
         0          0          0          0          0          0   rtentry.o
        12          0          0          0          0          0   rtentry2.o
         6          0          0          0          0          0   rtentry4.o
         2          0          0          0          0          0   rtexit.o
        10          0          0          0          0          0   rtexit2.o
        16          0          0          0          0          0   rtudiv10.o
       128          0          0          0          0          0   strcmpv7m.o
        62          0          0          0          0          0   strlen.o
        74          0          0          0          0          0   sys_stackheap_outer.o
         2          0          0          0          0          0   use_no_semi.o
         2          0          0          0          0          0   use_no_semi_2.o
        52          6          0          0          0          0   vsnprintf.o
       800         16          0          0          0          0   d2f_clz.o
      1400         32          0          0          0          0   daddsub_clz.o
        28          0          0          0          0          0   dcheck1.o
        84          0          0          0          0          0   dcmp.o
        24          0          0          0          0          0   dcmpi.o
       908        152          0          0          0          0   ddiv_clz.o
       116          8          0          0          0          0   deqf.o
       200         16          0          0          0          0   dfix.o
       110          0          0          0          0          0   dflt_clz.o
       120          8          0          0          0          0   dgeqf.o
       120          8          0          0          0          0   dleqf.o
       460         16          0          0          0          0   dmul_clz.o
       258          4          0          0          0          0   dnaninf.o
       112          0          0          0          0          0   drenorm_clz.o
        12          0          0          0          0          0   dretinf.o
        98          0          0          0          0          0   drleqf.o
       440          0          0          0          0          0   dunder_clz.o
       520         36          0          0          0          0   except.o
       122          8          0          0          0          0   f2d.o
       916         16          0          0          0          0   faddsub_clz.o
        28          0          0          0          0          0   fcheck1.o
        84          0          0          0          0          0   fcmp.o
        24          0          0          0          0          0   fcmpi.o
       540         84          0          0          0          0   fdiv.o
        96          8          0          0          0          0   feqf.o
       188         16          0          0          0          0   ffix.o
       120         16          0          0          0          0   ffixu.o
       204          0          0          0          0          0   fflt_clz.o
       100          8          0          0          0          0   fgeqf.o
       100          8          0          0          0          0   fleqf.o
       396         16          0          0          0          0   fmul.o
       242          4          0          0          0          0   fnaninf.o
        74          0          0          0          0          0   fnorm2_clz.o
        14          0          0          0          0          0   fpinit.o
        10          0          0          0          0          0   fretinf.o
       352          0          0          0          0          0   funder_clz.o
        48          4          0          0          0          0   istatus.o
         4          0          0          0          0          0   printf1.o
         4          0          0          0          0          0   printf2.o
       178          0          0          0          0          0   retnan.o
       280          4          0          0          0          0   scalbn_clz.o
       184          4          0          0          0          0   scalbnf_clz.o
       144          0          0          0          0          0   trapv.o
         0          0          0          0          0          0   usenofp.o
       476         32          0          0         25          0   libeco2_m3.o
        96         16          0          0          0          0   libiaq_m3.o
       208         20          0          0         13          0   libodor_m3.o
       192         32          0          0          8          0   libr_cda_m3.o
        80          0          0          0          0          0   libtvoc_m3.o
        16          6          0          0          0          0   dunder.o
       656         90         88          0          0          0   exp.o
        40          0          0          0          0          0   fpclassify.o
        38          0          0          0          0          0   fpclassifyf.o
        10          0          0          0          0          0   funder.o
       170          0          0          0          0          0   poly.o
      1540         80        320          0          0          0   powf.o

    ----------------------------------------------------------------------
     21098       1168        968          0        148          0   Library Totals
        40          0          9          0          6          0   (incl. Padding)

    ----------------------------------------------------------------------

      Code (inc. data)   RO Data    RW Data    ZI Data      Debug   Library Name

      7274        400        551          0         96       4972   c_wu.l
     10262        492          0          0          0       5076   g_ws.l
       476         32          0          0         25          0   libeco2_m3.LIB
        96         16          0          0          0          0   libiaq_m3.LIB
       208         20          0          0         13          0   libodor_m3.LIB
       192         32          0          0          8          0   libr_cda_m3.LIB
        80          0          0          0          0          0   libtvoc_m3.LIB
      2470        176        408          0          0        792   m_ws.l

    ----------------------------------------------------------------------
     21098       1168        968          0        148          0   Library Totals

    ----------------------------------------------------------------------

==============================================================================


      Code (inc. data)   RO Data    RW Data    ZI Data      Debug   

     30952       1656       1280        172       2100     310756   Grand Totals
     30952       1656       1280        172       2100     310756   ELF Image Totals
     30952       1656       1280        172          0          0   ROM Totals

==============================================================================

    Total RO  Size (Code + RO Data)                32232 (  31.48kB)
    Total RW  Size (RW Data + ZI Data)              2272 (   2.22kB)
    Total ROM Size (Code + RO Data + RW Data)      32404 (  31.64kB)

==============================================================================

