<html>
<body>
<pre>
<h1>µVision Build Log</h1>
<h2>Project:</h2>
C:\Users\sunpeilin-iri\Desktop\USART´®¿Ú·¢ËÍ³ÌÐò\YT32B1_STM32F103_demo.uvproj
Project File Date:  01/08/2019

<h2>Output:</h2>
Build target 'Target 1'
compiling main.c...
User\main.c(163): warning:  #111-D: statement is unreachable
User\main.c:       printf("Bye\n");      
User\main.c:       ^
User\main.c(23): warning:  #550-D: variable "_head" was set but never used
User\main.c:    uint8_t _head;
User\main.c:            ^
User\main.c(27): warning:  #550-D: variable "cs_state" was set but never used
User\main.c:       control_signal_state_t cs_state;
User\main.c:                              ^
User\main.c: User\main.c: 3 warnings, 0 errors
linking...
Program Size: Code=30944 RO-data=1280 RW-data=172 ZI-data=2100  
FromELF: creating hex file...
"YT32B1_STM32F103_demo.axf" - 0 Error(s), 3 Warning(s).
Build target 'Target 1'
linking...
Program Size: Code=30944 RO-data=1280 RW-data=172 ZI-data=2100  
FromELF: creating hex file...
"YT32B1_STM32F103_demo.axf" - 0 Error(s), 0 Warning(s).
Build target 'Target 1'
compiling main.c...
User\main.c(164): warning:  #111-D: statement is unreachable
User\main.c:       printf("Bye\n");      
User\main.c:       ^
User\main.c(23): warning:  #550-D: variable "_head" was set but never used
User\main.c:    uint8_t _head;
User\main.c:            ^
User\main.c(27): warning:  #550-D: variable "cs_state" was set but never used
User\main.c:       control_signal_state_t cs_state;
User\main.c:                              ^
User\main.c: User\main.c: 3 warnings, 0 errors
linking...
Program Size: Code=30952 RO-data=1280 RW-data=172 ZI-data=2100  
FromELF: creating hex file...
"YT32B1_STM32F103_demo.axf" - 0 Error(s), 3 Warning(s).
